Archive member included to satisfy reference by file (symbol)

d:/arm_tool/gcc-arm-none-eabi-7-2017-q4-major-win32/bin/../lib/gcc/arm-none-eabi/7.2.1/../../../../arm-none-eabi/lib/thumb/v7e-m/fpv4-sp/hard\libc_nano.a(lib_a-exit.o)
                              d:/arm_tool/gcc-arm-none-eabi-7-2017-q4-major-win32/bin/../lib/gcc/arm-none-eabi/7.2.1/../../../../arm-none-eabi/lib/thumb/v7e-m/fpv4-sp/hard/crt0.o (exit)
d:/arm_tool/gcc-arm-none-eabi-7-2017-q4-major-win32/bin/../lib/gcc/arm-none-eabi/7.2.1/../../../../arm-none-eabi/lib/thumb/v7e-m/fpv4-sp/hard\libc_nano.a(lib_a-impure.o)
                              d:/arm_tool/gcc-arm-none-eabi-7-2017-q4-major-win32/bin/../lib/gcc/arm-none-eabi/7.2.1/../../../../arm-none-eabi/lib/thumb/v7e-m/fpv4-sp/hard\libc_nano.a(lib_a-exit.o) (_global_impure_ptr)
d:/arm_tool/gcc-arm-none-eabi-7-2017-q4-major-win32/bin/../lib/gcc/arm-none-eabi/7.2.1/../../../../arm-none-eabi/lib/thumb/v7e-m/fpv4-sp/hard\libc_nano.a(lib_a-init.o)
                              d:/arm_tool/gcc-arm-none-eabi-7-2017-q4-major-win32/bin/../lib/gcc/arm-none-eabi/7.2.1/../../../../arm-none-eabi/lib/thumb/v7e-m/fpv4-sp/hard/crt0.o (__libc_init_array)
d:/arm_tool/gcc-arm-none-eabi-7-2017-q4-major-win32/bin/../lib/gcc/arm-none-eabi/7.2.1/../../../../arm-none-eabi/lib/thumb/v7e-m/fpv4-sp/hard\libc_nano.a(lib_a-malloc.o)
                              build/usbd_cdc.o (malloc)
d:/arm_tool/gcc-arm-none-eabi-7-2017-q4-major-win32/bin/../lib/gcc/arm-none-eabi/7.2.1/../../../../arm-none-eabi/lib/thumb/v7e-m/fpv4-sp/hard\libc_nano.a(lib_a-memset.o)
                              d:/arm_tool/gcc-arm-none-eabi-7-2017-q4-major-win32/bin/../lib/gcc/arm-none-eabi/7.2.1/../../../../arm-none-eabi/lib/thumb/v7e-m/fpv4-sp/hard/crt0.o (memset)
d:/arm_tool/gcc-arm-none-eabi-7-2017-q4-major-win32/bin/../lib/gcc/arm-none-eabi/7.2.1/../../../../arm-none-eabi/lib/thumb/v7e-m/fpv4-sp/hard\libc_nano.a(lib_a-nano-freer.o)
                              d:/arm_tool/gcc-arm-none-eabi-7-2017-q4-major-win32/bin/../lib/gcc/arm-none-eabi/7.2.1/../../../../arm-none-eabi/lib/thumb/v7e-m/fpv4-sp/hard\libc_nano.a(lib_a-malloc.o) (_free_r)
d:/arm_tool/gcc-arm-none-eabi-7-2017-q4-major-win32/bin/../lib/gcc/arm-none-eabi/7.2.1/../../../../arm-none-eabi/lib/thumb/v7e-m/fpv4-sp/hard\libc_nano.a(lib_a-nano-mallocr.o)
                              d:/arm_tool/gcc-arm-none-eabi-7-2017-q4-major-win32/bin/../lib/gcc/arm-none-eabi/7.2.1/../../../../arm-none-eabi/lib/thumb/v7e-m/fpv4-sp/hard\libc_nano.a(lib_a-malloc.o) (_malloc_r)
d:/arm_tool/gcc-arm-none-eabi-7-2017-q4-major-win32/bin/../lib/gcc/arm-none-eabi/7.2.1/../../../../arm-none-eabi/lib/thumb/v7e-m/fpv4-sp/hard\libc_nano.a(lib_a-sbrkr.o)
                              d:/arm_tool/gcc-arm-none-eabi-7-2017-q4-major-win32/bin/../lib/gcc/arm-none-eabi/7.2.1/../../../../arm-none-eabi/lib/thumb/v7e-m/fpv4-sp/hard\libc_nano.a(lib_a-nano-mallocr.o) (_sbrk_r)
d:/arm_tool/gcc-arm-none-eabi-7-2017-q4-major-win32/bin/../lib/gcc/arm-none-eabi/7.2.1/../../../../arm-none-eabi/lib/thumb/v7e-m/fpv4-sp/hard\libc_nano.a(lib_a-mlock.o)
                              d:/arm_tool/gcc-arm-none-eabi-7-2017-q4-major-win32/bin/../lib/gcc/arm-none-eabi/7.2.1/../../../../arm-none-eabi/lib/thumb/v7e-m/fpv4-sp/hard\libc_nano.a(lib_a-nano-freer.o) (__malloc_lock)
d:/arm_tool/gcc-arm-none-eabi-7-2017-q4-major-win32/bin/../lib/gcc/arm-none-eabi/7.2.1/../../../../arm-none-eabi/lib/thumb/v7e-m/fpv4-sp/hard\libc_nano.a(lib_a-reent.o)
                              d:/arm_tool/gcc-arm-none-eabi-7-2017-q4-major-win32/bin/../lib/gcc/arm-none-eabi/7.2.1/../../../../arm-none-eabi/lib/thumb/v7e-m/fpv4-sp/hard\libc_nano.a(lib_a-sbrkr.o) (errno)
d:/arm_tool/gcc-arm-none-eabi-7-2017-q4-major-win32/bin/../lib/gcc/arm-none-eabi/7.2.1/../../../../arm-none-eabi/lib/thumb/v7e-m/fpv4-sp/hard\libnosys.a(sbrk.o)
                              d:/arm_tool/gcc-arm-none-eabi-7-2017-q4-major-win32/bin/../lib/gcc/arm-none-eabi/7.2.1/../../../../arm-none-eabi/lib/thumb/v7e-m/fpv4-sp/hard\libc_nano.a(lib_a-sbrkr.o) (_sbrk)
d:/arm_tool/gcc-arm-none-eabi-7-2017-q4-major-win32/bin/../lib/gcc/arm-none-eabi/7.2.1/../../../../arm-none-eabi/lib/thumb/v7e-m/fpv4-sp/hard\libnosys.a(_exit.o)
                              d:/arm_tool/gcc-arm-none-eabi-7-2017-q4-major-win32/bin/../lib/gcc/arm-none-eabi/7.2.1/../../../../arm-none-eabi/lib/thumb/v7e-m/fpv4-sp/hard\libc_nano.a(lib_a-exit.o) (_exit)
d:/arm_tool/gcc-arm-none-eabi-7-2017-q4-major-win32/bin/../lib/gcc/arm-none-eabi/7.2.1/thumb/v7e-m/fpv4-sp/hard\libgcc.a(_aeabi_uldivmod.o)
                              build/stm32f4xx_hal_rcc.o (__aeabi_uldivmod)
d:/arm_tool/gcc-arm-none-eabi-7-2017-q4-major-win32/bin/../lib/gcc/arm-none-eabi/7.2.1/thumb/v7e-m/fpv4-sp/hard\libgcc.a(_udivmoddi4.o)
                              d:/arm_tool/gcc-arm-none-eabi-7-2017-q4-major-win32/bin/../lib/gcc/arm-none-eabi/7.2.1/thumb/v7e-m/fpv4-sp/hard\libgcc.a(_aeabi_uldivmod.o) (__udivmoddi4)
[...]
Memory Configuration

Name             Origin             Length             Attributes
RAM              0x20000000         0x00020000         xrw
CCMRAM           0x10000000         0x00010000         rw
FLASH            0x08000000         0x00100000         xr
*default*        0x00000000         0xffffffff

Linker script and memory map

LOAD d:/arm_tool/gcc-arm-none-eabi-7-2017-q4-major-win32/bin/../lib/gcc/arm-none-eabi/7.2.1/thumb/v7e-m/fpv4-sp/hard/crti.o
LOAD d:/arm_tool/gcc-arm-none-eabi-7-2017-q4-major-win32/bin/../lib/gcc/arm-none-eabi/7.2.1/thumb/v7e-m/fpv4-sp/hard/crtbegin.o
LOAD d:/arm_tool/gcc-arm-none-eabi-7-2017-q4-major-win32/bin/../lib/gcc/arm-none-eabi/7.2.1/../../../../arm-none-eabi/lib/thumb/v7e-m/fpv4-sp/hard/crt0.o
LOAD build/stm32f4xx_hal_pcd_ex.o
LOAD build/stm32f4xx_hal_pwr.o
LOAD build/usbd_ctlreq.o
LOAD build/usbd_core.o
LOAD build/stm32f4xx_hal_tim.o
LOAD build/system_stm32f4xx.o
LOAD build/usb_device.o
LOAD build/usbd_cdc_if.o
LOAD build/stm32f4xx_hal_gpio.o
LOAD build/stm32f4xx_hal_dma.o
LOAD build/stm32f4xx_ll_usb.o
LOAD build/stm32f4xx_hal_dma_ex.o
LOAD build/stm32f4xx_hal_pcd.o
LOAD build/stm32f4xx_hal_adc.o
LOAD build/main.o
LOAD build/stm32f4xx_hal_rcc_ex.o
LOAD build/stm32f4xx_hal_flash_ramfunc.o
LOAD build/stm32f4xx_hal_tim_ex.o
LOAD build/stm32f4xx_hal_flash_ex.o
LOAD build/stm32f4xx_hal_msp.o
LOAD build/stm32f4xx_hal_adc_ex.o
LOAD build/stm32f4xx_hal.o
LOAD build/usbd_ioreq.o
LOAD build/stm32f4xx_hal_spi.o
LOAD build/stm32f4xx_hal_pwr_ex.o
LOAD build/stm32f4xx_it.o
LOAD build/stm32f4xx_hal_cortex.o
LOAD build/usbd_conf.o
LOAD build/usbd_cdc.o
LOAD build/stm32f4xx_hal_flash.o
LOAD build/usbd_desc.o
LOAD build/stm32f4xx_hal_rcc.o
LOAD build/startup_stm32f407xx.o
LOAD d:/arm_tool/gcc-arm-none-eabi-7-2017-q4-major-win32/bin/../lib/gcc/arm-none-eabi/7.2.1/../../../../arm-none-eabi/lib/thumb/v7e-m/fpv4-sp/hard\libc_nano.a
LOAD d:/arm_tool/gcc-arm-none-eabi-7-2017-q4-major-win32/bin/../lib/gcc/arm-none-eabi/7.2.1/../../../../arm-none-eabi/lib/thumb/v7e-m/fpv4-sp/hard\libm.a
LOAD d:/arm_tool/gcc-arm-none-eabi-7-2017-q4-major-win32/bin/../lib/gcc/arm-none-eabi/7.2.1/../../../../arm-none-eabi/lib/thumb/v7e-m/fpv4-sp/hard\libnosys.a
START GROUP
LOAD d:/arm_tool/gcc-arm-none-eabi-7-2017-q4-major-win32/bin/../lib/gcc/arm-none-eabi/7.2.1/thumb/v7e-m/fpv4-sp/hard\libgcc.a
LOAD d:/arm_tool/gcc-arm-none-eabi-7-2017-q4-major-win32/bin/../lib/gcc/arm-none-eabi/7.2.1/../../../../arm-none-eabi/lib/thumb/v7e-m/fpv4-sp/hard\libc_nano.a
END GROUP
START GROUP
LOAD d:/arm_tool/gcc-arm-none-eabi-7-2017-q4-major-win32/bin/../lib/gcc/arm-none-eabi/7.2.1/thumb/v7e-m/fpv4-sp/hard\libgcc.a
LOAD d:/arm_tool/gcc-arm-none-eabi-7-2017-q4-major-win32/bin/../lib/gcc/arm-none-eabi/7.2.1/../../../../arm-none-eabi/lib/thumb/v7e-m/fpv4-sp/hard\libc_nano.a
END GROUP
LOAD d:/arm_tool/gcc-arm-none-eabi-7-2017-q4-major-win32/bin/../lib/gcc/arm-none-eabi/7.2.1/thumb/v7e-m/fpv4-sp/hard/crtend.o
LOAD d:/arm_tool/gcc-arm-none-eabi-7-2017-q4-major-win32/bin/../lib/gcc/arm-none-eabi/7.2.1/thumb/v7e-m/fpv4-sp/hard/crtn.o
                0x20020000                _estack = 0x20020000
                0x00000200                _Min_Heap_Size = 0x200
                0x00000400                _Min_Stack_Size = 0x400

.isr_vector     0x08000000      0x188
                0x08000000                . = ALIGN (0x4)
 *(.isr_vector)
 .isr_vector    0x08000000      0x188 build/startup_stm32f407xx.o
                0x08000000                g_pfnVectors
                0x08000188                . = ALIGN (0x4)

.text           0x08000188     0x40b8
                0x08000188                . = ALIGN (0x4)
 *(.text)
 .text          0x08000188       0x40 d:/arm_tool/gcc-arm-none-eabi-7-2017-q4-major-win32/bin/../lib/gcc/arm-none-eabi/7.2.1/thumb/v7e-m/fpv4-sp/hard/crtbegin.o
 .text          0x080001c8       0x30 d:/arm_tool/gcc-arm-none-eabi-7-2017-q4-major-win32/bin/../lib/gcc/arm-none-eabi/7.2.1/thumb/v7e-m/fpv4-sp/hard\libgcc.a(_aeabi_uldivmod.o)
                0x080001c8                __aeabi_uldivmod
 .text          0x080001f8      0x2cc d:/arm_tool/gcc-arm-none-eabi-7-2017-q4-major-win32/bin/../lib/gcc/arm-none-eabi/7.2.1/thumb/v7e-m/fpv4-sp/hard\libgcc.a(_udivmoddi4.o)
                0x080001f8                __udivmoddi4
 .text          0x080004c4        0x4 d:/arm_tool/gcc-arm-none-eabi-7-2017-q4-major-win32/bin/../lib/gcc/arm-none-eabi/7.2.1/thumb/v7e-m/fpv4-sp/hard\libgcc.a(_dvmd_tls.o)
                0x080004c4                __aeabi_idiv0
                0x080004c4                __aeabi_ldiv0
 *(.text*)
 .text.HAL_PCDEx_SetTxFiFo
                0x080004c8       0x48 build/stm32f4xx_hal_pcd_ex.o
                0x080004c8                HAL_PCDEx_SetTxFiFo
 .text.HAL_PCDEx_SetRxFiFo
                0x08000510        0x8 build/stm32f4xx_hal_pcd_ex.o
                0x08000510                HAL_PCDEx_SetRxFiFo
 .text.USBD_GetLen
                0x08000518       0x14 build/usbd_ctlreq.o
 .text.USBD_SetFeature
                0x0800052c       0x20 build/usbd_ctlreq.o
 .text.USBD_ParseSetupRequest
                0x0800054c       0x28 build/usbd_ctlreq.o
                0x0800054c                USBD_ParseSetupRequest
 .text.USBD_CtlError
                0x08000574       0x14 build/usbd_ctlreq.o
                0x08000574                USBD_CtlError
 .text.USBD_GetDescriptor
                0x08000588      0x132 build/usbd_ctlreq.o
 .text.USBD_SetAddress
                0x080006ba       0x4a build/usbd_ctlreq.o
 .text.USBD_SetConfig
                0x08000704       0xa4 build/usbd_ctlreq.o
 .text.USBD_GetConfig
                0x080007a8       0x3a build/usbd_ctlreq.o
 .text.USBD_GetStatus
                0x080007e2       0x2c build/usbd_ctlreq.o
 .text.USBD_ClrFeature
                0x0800080e       0x30 build/usbd_ctlreq.o
 .text.USBD_StdDevReq
                0x0800083e       0x48 build/usbd_ctlreq.o
                0x0800083e                USBD_StdDevReq
 .text.USBD_StdItfReq
                0x08000886       0x38 build/usbd_ctlreq.o
                0x08000886                USBD_StdItfReq
 .text.USBD_StdEPReq
                0x080008be      0x118 build/usbd_ctlreq.o
                0x080008be                USBD_StdEPReq
 .text.USBD_GetString
                0x080009d6       0x3a build/usbd_ctlreq.o
                0x080009d6                USBD_GetString
 .text.USBD_Init
                0x08000a10       0x2e build/usbd_core.o
                0x08000a10                USBD_Init
 .text.USBD_RegisterClass
                0x08000a3e        0xe build/usbd_core.o
                0x08000a3e                USBD_RegisterClass
 .text.USBD_Start
                0x08000a4c        0xa build/usbd_core.o
                0x08000a4c                USBD_Start
 .text.USBD_SetClassConfig
                0x08000a56       0x1a build/usbd_core.o
                0x08000a56                USBD_SetClassConfig
 .text.USBD_ClrClassConfig
                0x08000a70        0xe build/usbd_core.o
                0x08000a70                USBD_ClrClassConfig
 .text.USBD_LL_SetupStage
                0x08000a7e       0x5a build/usbd_core.o
                0x08000a7e                USBD_LL_SetupStage
 .text.USBD_LL_DataOutStage
                0x08000ad8       0x6a build/usbd_core.o
                0x08000ad8                USBD_LL_DataOutStage
 .text.USBD_LL_DataInStage
                0x08000b42       0xb0 build/usbd_core.o
                0x08000b42                USBD_LL_DataInStage
 .text.USBD_LL_Reset
                0x08000bf2       0x3e build/usbd_core.o
                0x08000bf2                USBD_LL_Reset
 .text.USBD_LL_SetSpeed
                0x08000c30        0x6 build/usbd_core.o
                0x08000c30                USBD_LL_SetSpeed
 .text.USBD_LL_Suspend
                0x08000c36       0x12 build/usbd_core.o
                0x08000c36                USBD_LL_Suspend
 .text.USBD_LL_Resume
                0x08000c48        0xc build/usbd_core.o
                0x08000c48                USBD_LL_Resume
 .text.USBD_LL_SOF
                0x08000c54       0x1c build/usbd_core.o
                0x08000c54                USBD_LL_SOF
 .text.USBD_LL_IsoINIncomplete
                0x08000c70        0x4 build/usbd_core.o
                0x08000c70                USBD_LL_IsoINIncomplete
 .text.USBD_LL_IsoOUTIncomplete
                0x08000c74        0x4 build/usbd_core.o
                0x08000c74                USBD_LL_IsoOUTIncomplete
 .text.USBD_LL_DevConnected
                0x08000c78        0x4 build/usbd_core.o
                0x08000c78                USBD_LL_DevConnected
 .text.USBD_LL_DevDisconnected
                0x08000c7c       0x16 build/usbd_core.o
                0x08000c7c                USBD_LL_DevDisconnected
 *fill*         0x08000c92        0x2 
 .text.TIM_OC1_SetConfig
                0x08000c94       0x5c build/stm32f4xx_hal_tim.o
 .text.TIM_OC3_SetConfig
                0x08000cf0       0x60 build/stm32f4xx_hal_tim.o
 .text.TIM_OC4_SetConfig
                0x08000d50       0x50 build/stm32f4xx_hal_tim.o
 .text.TIM_Base_SetConfig
                0x08000da0       0xc0 build/stm32f4xx_hal_tim.o
                0x08000da0                TIM_Base_SetConfig
 .text.HAL_TIM_OC_Init
                0x08000e60       0x32 build/stm32f4xx_hal_tim.o
                0x08000e60                HAL_TIM_OC_Init
 *fill*         0x08000e92        0x2 
 .text.TIM_TI1_SetConfig
                0x08000e94       0x7c build/stm32f4xx_hal_tim.o
                0x08000e94                TIM_TI1_SetConfig
 .text.TIM_OC2_SetConfig
                0x08000f10       0x64 build/stm32f4xx_hal_tim.o
                0x08000f10                TIM_OC2_SetConfig
 .text.HAL_TIM_OC_ConfigChannel
                0x08000f74       0x5e build/stm32f4xx_hal_tim.o
                0x08000f74                HAL_TIM_OC_ConfigChannel
 *fill*         0x08000fd2        0x2 
 .text.SystemInit
                0x08000fd4       0x4c build/system_stm32f4xx.o
                0x08000fd4                SystemInit
 .text.MX_USB_DEVICE_Init
                0x08001020       0x38 build/usb_device.o
                0x08001020                MX_USB_DEVICE_Init
 .text.CDC_DeInit_FS
                0x08001058        0x4 build/usbd_cdc_if.o
 .text.CDC_Control_FS
                0x0800105c        0x4 build/usbd_cdc_if.o
 .text.CDC_Receive_FS
                0x08001060       0x1c build/usbd_cdc_if.o
 .text.CDC_Init_FS
                0x0800107c       0x28 build/usbd_cdc_if.o
 .text.HAL_GPIO_Init
                0x080010a4      0x1c8 build/stm32f4xx_hal_gpio.o
                0x080010a4                HAL_GPIO_Init
 .text.HAL_GPIO_WritePin
                0x0800126c        0xc build/stm32f4xx_hal_gpio.o
                0x0800126c                HAL_GPIO_WritePin
 .text.HAL_GPIO_TogglePin
                0x08001278        0x8 build/stm32f4xx_hal_gpio.o
                0x08001278                HAL_GPIO_TogglePin
 .text.USB_CoreInit
                0x08001280       0x7c build/stm32f4xx_ll_usb.o
                0x08001280                USB_CoreInit
 .text.USB_EnableGlobalInt
                0x080012fc        0xc build/stm32f4xx_ll_usb.o
                0x080012fc                USB_EnableGlobalInt
 .text.USB_DisableGlobalInt
                0x08001308        0xc build/stm32f4xx_ll_usb.o
                0x08001308                USB_DisableGlobalInt
 .text.USB_SetCurrentMode
                0x08001314       0x2c build/stm32f4xx_ll_usb.o
                0x08001314                USB_SetCurrentMode
 .text.USB_DevInit
                0x08001340      0x150 build/stm32f4xx_ll_usb.o
                0x08001340                USB_DevInit
 .text.USB_FlushTxFifo
                0x08001490       0x28 build/stm32f4xx_ll_usb.o
                0x08001490                USB_FlushTxFifo
 .text.USB_FlushRxFifo
                0x080014b8       0x24 build/stm32f4xx_ll_usb.o
                0x080014b8                USB_FlushRxFifo
 .text.USB_SetDevSpeed
                0x080014dc        0xe build/stm32f4xx_ll_usb.o
                0x080014dc                USB_SetDevSpeed
 .text.USB_GetDevSpeed
                0x080014ea       0x40 build/stm32f4xx_ll_usb.o
                0x080014ea                USB_GetDevSpeed
 .text.USB_ActivateEndpoint
                0x0800152a       0x92 build/stm32f4xx_ll_usb.o
                0x0800152a                USB_ActivateEndpoint
 .text.USB_DeactivateEndpoint
                0x080015bc       0xf0 build/stm32f4xx_ll_usb.o
                0x080015bc                USB_DeactivateEndpoint
 .text.USB_EPStartXfer
                0x080016ac      0x264 build/stm32f4xx_ll_usb.o
                0x080016ac                USB_EPStartXfer
 .text.USB_EP0StartXfer
                0x08001910      0x160 build/stm32f4xx_ll_usb.o
                0x08001910                USB_EP0StartXfer
 .text.USB_WritePacket
                0x08001a70       0x28 build/stm32f4xx_ll_usb.o
                0x08001a70                USB_WritePacket
 .text.USB_ReadPacket
                0x08001a98       0x28 build/stm32f4xx_ll_usb.o
                0x08001a98                USB_ReadPacket
 .text.USB_EPSetStall
                0x08001ac0       0x64 build/stm32f4xx_ll_usb.o
                0x08001ac0                USB_EPSetStall
 .text.USB_EPClearStall
                0x08001b24       0x6a build/stm32f4xx_ll_usb.o
                0x08001b24                USB_EPClearStall
 .text.USB_SetDevAddress
                0x08001b8e       0x20 build/stm32f4xx_ll_usb.o
                0x08001b8e                USB_SetDevAddress
 .text.USB_DevConnect
                0x08001bae       0x18 build/stm32f4xx_ll_usb.o
                0x08001bae                USB_DevConnect
 .text.USB_DevDisconnect
                0x08001bc6       0x18 build/stm32f4xx_ll_usb.o
                0x08001bc6                USB_DevDisconnect
 .text.USB_ReadInterrupts
                0x08001bde        0x8 build/stm32f4xx_ll_usb.o
                0x08001bde                USB_ReadInterrupts
 .text.USB_ReadDevAllOutEpInterrupt
                0x08001be6       0x10 build/stm32f4xx_ll_usb.o
                0x08001be6                USB_ReadDevAllOutEpInterrupt
 .text.USB_ReadDevAllInEpInterrupt
                0x08001bf6       0x10 build/stm32f4xx_ll_usb.o
                0x08001bf6                USB_ReadDevAllInEpInterrupt
 .text.USB_ReadDevOutEPInterrupt
                0x08001c06       0x12 build/stm32f4xx_ll_usb.o
                0x08001c06                USB_ReadDevOutEPInterrupt
 .text.USB_ReadDevInEPInterrupt
                0x08001c18       0x24 build/stm32f4xx_ll_usb.o
                0x08001c18                USB_ReadDevInEPInterrupt
 .text.USB_GetMode
                0x08001c3c        0x8 build/stm32f4xx_ll_usb.o
                0x08001c3c                USB_GetMode
 .text.USB_ActivateSetup
                0x08001c44       0x38 build/stm32f4xx_ll_usb.o
                0x08001c44                USB_ActivateSetup
 .text.USB_EP0_OutStart
                0x08001c7c       0x46 build/stm32f4xx_ll_usb.o
                0x08001c7c                USB_EP0_OutStart
 *fill*         0x08001cc2        0x2 
 .text.USB_CoreReset
                0x08001cc4       0x3c build/stm32f4xx_ll_usb.o
 .text.PCD_WriteEmptyTxFifo
                0x08001d00       0xac build/stm32f4xx_hal_pcd.o
 .text.HAL_PCD_Init
                0x08001dac       0xe0 build/stm32f4xx_hal_pcd.o
                0x08001dac                HAL_PCD_Init
 .text.HAL_PCD_Start
                0x08001e8c       0x2a build/stm32f4xx_hal_pcd.o
                0x08001e8c                HAL_PCD_Start
 *fill*         0x08001eb6        0x2 
 .text.HAL_PCD_IRQHandler
                0x08001eb8      0x5c4 build/stm32f4xx_hal_pcd.o
                0x08001eb8                HAL_PCD_IRQHandler
 .text.HAL_PCD_SetAddress
                0x0800247c       0x24 build/stm32f4xx_hal_pcd.o
                0x0800247c                HAL_PCD_SetAddress
 .text.HAL_PCD_EP_Open
                0x080024a0       0x68 build/stm32f4xx_hal_pcd.o
                0x080024a0                HAL_PCD_EP_Open
 .text.HAL_PCD_EP_Close
                0x08002508       0x56 build/stm32f4xx_hal_pcd.o
                0x08002508                HAL_PCD_EP_Close
 .text.HAL_PCD_EP_Receive
                0x0800255e       0x5a build/stm32f4xx_hal_pcd.o
                0x0800255e                HAL_PCD_EP_Receive
 .text.HAL_PCD_EP_GetRxCount
                0x080025b8       0x12 build/stm32f4xx_hal_pcd.o
                0x080025b8                HAL_PCD_EP_GetRxCount
 .text.HAL_PCD_EP_Transmit
                0x080025ca       0x52 build/stm32f4xx_hal_pcd.o
                0x080025ca                HAL_PCD_EP_Transmit
 .text.HAL_PCD_EP_SetStall
                0x0800261c       0x66 build/stm32f4xx_hal_pcd.o
                0x0800261c                HAL_PCD_EP_SetStall
 .text.HAL_PCD_EP_ClrStall
                0x08002682       0x56 build/stm32f4xx_hal_pcd.o
                0x08002682                HAL_PCD_EP_ClrStall
 .text.ADC_Init
                0x080026d8      0x130 build/stm32f4xx_hal_adc.o
 .text.HAL_ADC_Init
                0x08002808       0x54 build/stm32f4xx_hal_adc.o
                0x08002808                HAL_ADC_Init
 .text.HAL_ADC_ConfigChannel
                0x0800285c      0x190 build/stm32f4xx_hal_adc.o
                0x0800285c                HAL_ADC_ConfigChannel
 .text.MX_GPIO_Init
                0x080029ec      0x118 build/main.o
 .text._Error_Handler
                0x08002b04        0x2 build/main.o
                0x08002b04                _Error_Handler
 *fill*         0x08002b06        0x2 
 .text.MX_TIM1_Init
                0x08002b08       0xd4 build/main.o
 .text.MX_TIM3_Init
                0x08002bdc       0x5c build/main.o
 .text.MX_ADC1_Init
                0x08002c38       0x6c build/main.o
 .text.MX_SPI2_Init
                0x08002ca4       0x48 build/main.o
 .text.SystemClock_Config
                0x08002cec       0xc8 build/main.o
                0x08002cec                SystemClock_Config
 .text.main     0x08002db4       0x58 build/main.o
                0x08002db4                main
 .text.HAL_TIMEx_HallSensor_Init
                0x08002e0c       0xb0 build/stm32f4xx_hal_tim_ex.o
                0x08002e0c                HAL_TIMEx_HallSensor_Init
 .text.HAL_TIMEx_MasterConfigSynchronization
                0x08002ebc       0x52 build/stm32f4xx_hal_tim_ex.o
                0x08002ebc                HAL_TIMEx_MasterConfigSynchronization
 .text.HAL_TIMEx_ConfigBreakDeadTime
                0x08002f0e       0x58 build/stm32f4xx_hal_tim_ex.o
                0x08002f0e                HAL_TIMEx_ConfigBreakDeadTime
 .text.HAL_MspInit
                0x08002f66       0x5e build/stm32f4xx_hal_msp.o
                0x08002f66                HAL_MspInit
 .text.HAL_ADC_MspInit
                0x08002fc4       0x6c build/stm32f4xx_hal_msp.o
                0x08002fc4                HAL_ADC_MspInit
 .text.HAL_SPI_MspInit
                0x08003030       0x54 build/stm32f4xx_hal_msp.o
                0x08003030                HAL_SPI_MspInit
 .text.HAL_TIM_OC_MspInit
                0x08003084       0x30 build/stm32f4xx_hal_msp.o
                0x08003084                HAL_TIM_OC_MspInit
 .text.HAL_TIMEx_HallSensor_MspInit
                0x080030b4       0x50 build/stm32f4xx_hal_msp.o
                0x080030b4                HAL_TIMEx_HallSensor_MspInit
 .text.HAL_TIM_MspPostInit
                0x08003104       0x38 build/stm32f4xx_hal_msp.o
                0x08003104                HAL_TIM_MspPostInit
 .text.HAL_InitTick
                0x0800313c       0x4c build/stm32f4xx_hal.o
                0x0800313c                HAL_InitTick
 .text.HAL_Init
                0x08003188       0x34 build/stm32f4xx_hal.o
                0x08003188                HAL_Init
 .text.HAL_IncTick
                0x080031bc       0x18 build/stm32f4xx_hal.o
                0x080031bc                HAL_IncTick
 .text.HAL_GetTick
                0x080031d4        0xc build/stm32f4xx_hal.o
                0x080031d4                HAL_GetTick
 .text.HAL_Delay
                0x080031e0       0x28 build/stm32f4xx_hal.o
                0x080031e0                HAL_Delay
 .text.USBD_CtlSendData
                0x08003208       0x1a build/usbd_ioreq.o
                0x08003208                USBD_CtlSendData
 .text.USBD_CtlContinueSendData
                0x08003222       0x10 build/usbd_ioreq.o
                0x08003222                USBD_CtlContinueSendData
 .text.USBD_CtlPrepareRx
                0x08003232       0x1e build/usbd_ioreq.o
                0x08003232                USBD_CtlPrepareRx
 .text.USBD_CtlContinueRx
                0x08003250       0x10 build/usbd_ioreq.o
                0x08003250                USBD_CtlContinueRx
 .text.USBD_CtlSendStatus
                0x08003260       0x16 build/usbd_ioreq.o
                0x08003260                USBD_CtlSendStatus
 .text.USBD_CtlReceiveStatus
                0x08003276       0x16 build/usbd_ioreq.o
                0x08003276                USBD_CtlReceiveStatus
 .text.HAL_SPI_Init
                0x0800328c       0x80 build/stm32f4xx_hal_spi.o
                0x0800328c                HAL_SPI_Init
 .text.NMI_Handler
                0x0800330c        0x2 build/stm32f4xx_it.o
                0x0800330c                NMI_Handler
 .text.HardFault_Handler
                0x0800330e        0x2 build/stm32f4xx_it.o
                0x0800330e                HardFault_Handler
 .text.MemManage_Handler
                0x08003310        0x2 build/stm32f4xx_it.o
                0x08003310                MemManage_Handler
 .text.BusFault_Handler
                0x08003312        0x2 build/stm32f4xx_it.o
                0x08003312                BusFault_Handler
 .text.UsageFault_Handler
                0x08003314        0x2 build/stm32f4xx_it.o
                0x08003314                UsageFault_Handler
 .text.SVC_Handler
                0x08003316        0x2 build/stm32f4xx_it.o
                0x08003316                SVC_Handler
 .text.DebugMon_Handler
                0x08003318        0x2 build/stm32f4xx_it.o
                0x08003318                DebugMon_Handler
 .text.PendSV_Handler
                0x0800331a        0x2 build/stm32f4xx_it.o
                0x0800331a                PendSV_Handler
 .text.SysTick_Handler
                0x0800331c        0xc build/stm32f4xx_it.o
                0x0800331c                SysTick_Handler
 .text.OTG_FS_IRQHandler
                0x08003328       0x10 build/stm32f4xx_it.o
                0x08003328                OTG_FS_IRQHandler
 .text.HAL_NVIC_SetPriorityGrouping
                0x08003338       0x24 build/stm32f4xx_hal_cortex.o
                0x08003338                HAL_NVIC_SetPriorityGrouping
 .text.HAL_NVIC_SetPriority
                0x0800335c       0x68 build/stm32f4xx_hal_cortex.o
                0x0800335c                HAL_NVIC_SetPriority
 .text.HAL_NVIC_EnableIRQ
                0x080033c4       0x18 build/stm32f4xx_hal_cortex.o
                0x080033c4                HAL_NVIC_EnableIRQ
 .text.HAL_SYSTICK_Config
                0x080033dc       0x2c build/stm32f4xx_hal_cortex.o
                0x080033dc                HAL_SYSTICK_Config
 .text.HAL_SYSTICK_CLKSourceConfig
                0x08003408       0x20 build/stm32f4xx_hal_cortex.o
                0x08003408                HAL_SYSTICK_CLKSourceConfig
 .text.HAL_SYSTICK_Callback
                0x08003428        0x2 build/stm32f4xx_hal_cortex.o
                0x08003428                HAL_SYSTICK_Callback
 .text.HAL_SYSTICK_IRQHandler
                0x0800342a        0x8 build/stm32f4xx_hal_cortex.o
                0x0800342a                HAL_SYSTICK_IRQHandler
 *fill*         0x08003432        0x2 
 .text.HAL_PCD_MspInit
                0x08003434       0x68 build/usbd_conf.o
                0x08003434                HAL_PCD_MspInit
 .text.HAL_PCD_SetupStageCallback
                0x0800349c       0x10 build/usbd_conf.o
                0x0800349c                HAL_PCD_SetupStageCallback
 .text.HAL_PCD_DataOutStageCallback
                0x080034ac       0x18 build/usbd_conf.o
                0x080034ac                HAL_PCD_DataOutStageCallback
 .text.HAL_PCD_DataInStageCallback
                0x080034c4       0x16 build/usbd_conf.o
                0x080034c4                HAL_PCD_DataInStageCallback
 .text.HAL_PCD_SOFCallback
                0x080034da        0xc build/usbd_conf.o
                0x080034da                HAL_PCD_SOFCallback
 .text.HAL_PCD_ResetCallback
                0x080034e6       0x20 build/usbd_conf.o
                0x080034e6                HAL_PCD_ResetCallback
 *fill*         0x08003506        0x2 
 .text.HAL_PCD_SuspendCallback
                0x08003508       0x30 build/usbd_conf.o
                0x08003508                HAL_PCD_SuspendCallback
 .text.HAL_PCD_ResumeCallback
                0x08003538        0xc build/usbd_conf.o
                0x08003538                HAL_PCD_ResumeCallback
 .text.HAL_PCD_ISOOUTIncompleteCallback
                0x08003544        0xc build/usbd_conf.o
                0x08003544                HAL_PCD_ISOOUTIncompleteCallback
 .text.HAL_PCD_ISOINIncompleteCallback
                0x08003550        0xc build/usbd_conf.o
                0x08003550                HAL_PCD_ISOINIncompleteCallback
 .text.HAL_PCD_ConnectCallback
                0x0800355c        0xc build/usbd_conf.o
                0x0800355c                HAL_PCD_ConnectCallback
 .text.HAL_PCD_DisconnectCallback
                0x08003568        0xc build/usbd_conf.o
                0x08003568                HAL_PCD_DisconnectCallback
 .text.USBD_LL_Init
                0x08003574       0x74 build/usbd_conf.o
                0x08003574                USBD_LL_Init
 .text.USBD_LL_Start
                0x080035e8       0x1c build/usbd_conf.o
                0x080035e8                USBD_LL_Start
 .text.USBD_LL_OpenEP
                0x08003604       0x22 build/usbd_conf.o
                0x08003604                USBD_LL_OpenEP
 .text.USBD_LL_CloseEP
                0x08003626       0x1c build/usbd_conf.o
                0x08003626                USBD_LL_CloseEP
 .text.USBD_LL_StallEP
                0x08003642       0x1c build/usbd_conf.o
                0x08003642                USBD_LL_StallEP
 .text.USBD_LL_ClearStallEP
                0x0800365e       0x1c build/usbd_conf.o
                0x0800365e                USBD_LL_ClearStallEP
 .text.USBD_LL_IsStallEP
                0x0800367a       0x2e build/usbd_conf.o
                0x0800367a                USBD_LL_IsStallEP
 .text.USBD_LL_SetUSBAddress
                0x080036a8       0x1c build/usbd_conf.o
                0x080036a8                USBD_LL_SetUSBAddress
 .text.USBD_LL_Transmit
                0x080036c4       0x1c build/usbd_conf.o
                0x080036c4                USBD_LL_Transmit
 .text.USBD_LL_PrepareReceive
                0x080036e0       0x1c build/usbd_conf.o
                0x080036e0                USBD_LL_PrepareReceive
 .text.USBD_LL_GetRxDataSize
                0x080036fc        0xc build/usbd_conf.o
                0x080036fc                USBD_LL_GetRxDataSize
 .text.USBD_CDC_DataIn
                0x08003708       0x12 build/usbd_cdc.o
 .text.USBD_CDC_EP0_RxReady
                0x0800371a       0x28 build/usbd_cdc.o
 *fill*         0x08003742        0x2 
 .text.USBD_CDC_GetFSCfgDesc
                0x08003744        0xc build/usbd_cdc.o
 .text.USBD_CDC_GetHSCfgDesc
                0x08003750        0xc build/usbd_cdc.o
 .text.USBD_CDC_GetOtherSpeedCfgDesc
                0x0800375c        0xc build/usbd_cdc.o
 .text.USBD_CDC_GetDeviceQualifierDescriptor
                0x08003768        0xc build/usbd_cdc.o
                0x08003768                USBD_CDC_GetDeviceQualifierDescriptor
 .text.USBD_CDC_DataOut
                0x08003774       0x2e build/usbd_cdc.o
 *fill*         0x080037a2        0x2 
 .text.USBD_CDC_Setup
                0x080037a4       0x74 build/usbd_cdc.o
 .text.USBD_CDC_DeInit
                0x08003818       0x3a build/usbd_cdc.o
 .text.USBD_CDC_Init
                0x08003852       0x96 build/usbd_cdc.o
 .text.USBD_CDC_RegisterInterface
                0x080038e8        0xe build/usbd_cdc.o
                0x080038e8                USBD_CDC_RegisterInterface
 .text.USBD_CDC_SetTxBuffer
                0x080038f6       0x10 build/usbd_cdc.o
                0x080038f6                USBD_CDC_SetTxBuffer
 .text.USBD_CDC_SetRxBuffer
                0x08003906        0xc build/usbd_cdc.o
                0x08003906                USBD_CDC_SetRxBuffer
 .text.USBD_CDC_ReceivePacket
                0x08003912       0x32 build/usbd_cdc.o
                0x08003912                USBD_CDC_ReceivePacket
 .text.USBD_FS_DeviceDescriptor
                0x08003944        0xc build/usbd_desc.o
                0x08003944                USBD_FS_DeviceDescriptor
 .text.USBD_FS_LangIDStrDescriptor
                0x08003950        0xc build/usbd_desc.o
                0x08003950                USBD_FS_LangIDStrDescriptor
 .text.USBD_FS_ProductStrDescriptor
                0x0800395c       0x24 build/usbd_desc.o
                0x0800395c                USBD_FS_ProductStrDescriptor
 .text.USBD_FS_ManufacturerStrDescriptor
                0x08003980       0x1c build/usbd_desc.o
                0x08003980                USBD_FS_ManufacturerStrDescriptor
 .text.USBD_FS_SerialStrDescriptor
                0x0800399c       0x24 build/usbd_desc.o
                0x0800399c                USBD_FS_SerialStrDescriptor
 .text.USBD_FS_ConfigStrDescriptor
                0x080039c0       0x24 build/usbd_desc.o
                0x080039c0                USBD_FS_ConfigStrDescriptor
 .text.USBD_FS_InterfaceStrDescriptor
                0x080039e4       0x24 build/usbd_desc.o
                0x080039e4                USBD_FS_InterfaceStrDescriptor
 .text.HAL_RCC_OscConfig
                0x08003a08      0x398 build/stm32f4xx_hal_rcc.o
                0x08003a08                HAL_RCC_OscConfig
 .text.HAL_RCC_GetSysClockFreq
                0x08003da0       0xd8 build/stm32f4xx_hal_rcc.o
                0x08003da0                HAL_RCC_GetSysClockFreq
 .text.HAL_RCC_ClockConfig
                0x08003e78      0x158 build/stm32f4xx_hal_rcc.o
                0x08003e78                HAL_RCC_ClockConfig
 .text.HAL_RCC_GetHCLKFreq
                0x08003fd0        0xc build/stm32f4xx_hal_rcc.o
                0x08003fd0                HAL_RCC_GetHCLKFreq
 .text.Reset_Handler
                0x08003fdc       0x50 build/startup_stm32f407xx.o
                0x08003fdc                Reset_Handler
 .text.Default_Handler
                0x0800402c        0x2 build/startup_stm32f407xx.o
                0x0800402c                RTC_Alarm_IRQHandler
                0x0800402c                HASH_RNG_IRQHandler
                0x0800402c                EXTI2_IRQHandler
                0x0800402c                TIM8_CC_IRQHandler
                0x0800402c                TIM1_CC_IRQHandler
                0x0800402c                DMA2_Stream5_IRQHandler
                0x0800402c                DMA1_Stream5_IRQHandler
                0x0800402c                PVD_IRQHandler
                0x0800402c                SDIO_IRQHandler
                0x0800402c                TAMP_STAMP_IRQHandler
                0x0800402c                CAN2_RX1_IRQHandler
                0x0800402c                EXTI3_IRQHandler
                0x0800402c                TIM8_TRG_COM_TIM14_IRQHandler
                0x0800402c                TIM1_UP_TIM10_IRQHandler
                0x0800402c                TIM8_UP_TIM13_IRQHandler
                0x0800402c                I2C3_ER_IRQHandler
                0x0800402c                EXTI0_IRQHandler
                0x0800402c                I2C2_EV_IRQHandler
                0x0800402c                DMA1_Stream2_IRQHandler
                0x0800402c                CAN1_RX0_IRQHandler
                0x0800402c                FPU_IRQHandler
                0x0800402c                OTG_HS_WKUP_IRQHandler
                0x0800402c                CAN2_SCE_IRQHandler
                0x0800402c                DMA2_Stream2_IRQHandler
                0x0800402c                SPI1_IRQHandler
                0x0800402c                TIM6_DAC_IRQHandler
                0x0800402c                TIM1_BRK_TIM9_IRQHandler
                0x0800402c                DCMI_IRQHandler
                0x0800402c                CAN2_RX0_IRQHandler
                0x0800402c                DMA2_Stream3_IRQHandler
                0x0800402c                USART6_IRQHandler
                0x0800402c                USART3_IRQHandler
                0x0800402c                CAN1_RX1_IRQHandler
                0x0800402c                UART5_IRQHandler
                0x0800402c                DMA2_Stream0_IRQHandler
                0x0800402c                TIM4_IRQHandler
                0x0800402c                I2C1_EV_IRQHandler
                0x0800402c                DMA1_Stream6_IRQHandler
                0x0800402c                DMA1_Stream1_IRQHandler
                0x0800402c                UART4_IRQHandler
                0x0800402c                TIM3_IRQHandler
                0x0800402c                RCC_IRQHandler
                0x0800402c                TIM8_BRK_TIM12_IRQHandler
                0x0800402c                Default_Handler
                0x0800402c                EXTI15_10_IRQHandler
                0x0800402c                ADC_IRQHandler
                0x0800402c                DMA1_Stream7_IRQHandler
                0x0800402c                TIM7_IRQHandler
                0x0800402c                CAN2_TX_IRQHandler
                0x0800402c                TIM5_IRQHandler
                0x0800402c                DMA2_Stream7_IRQHandler
                0x0800402c                I2C3_EV_IRQHandler
                0x0800402c                EXTI9_5_IRQHandler
                0x0800402c                RTC_WKUP_IRQHandler
                0x0800402c                ETH_WKUP_IRQHandler
                0x0800402c                SPI2_IRQHandler
                0x0800402c                OTG_HS_EP1_IN_IRQHandler
                0x0800402c                DMA1_Stream0_IRQHandler
                0x0800402c                CAN1_TX_IRQHandler
                0x0800402c                EXTI4_IRQHandler
                0x0800402c                FSMC_IRQHandler
                0x0800402c                ETH_IRQHandler
                0x0800402c                OTG_HS_EP1_OUT_IRQHandler
                0x0800402c                WWDG_IRQHandler
                0x0800402c                TIM2_IRQHandler
                0x0800402c                OTG_FS_WKUP_IRQHandler
                0x0800402c                TIM1_TRG_COM_TIM11_IRQHandler
                0x0800402c                OTG_HS_IRQHandler
                0x0800402c                EXTI1_IRQHandler
                0x0800402c                USART2_IRQHandler
                0x0800402c                I2C2_ER_IRQHandler
                0x0800402c                DMA2_Stream1_IRQHandler
                0x0800402c                CAN1_SCE_IRQHandler
                0x0800402c                FLASH_IRQHandler
                0x0800402c                DMA2_Stream4_IRQHandler
                0x0800402c                USART1_IRQHandler
                0x0800402c                SPI3_IRQHandler
                0x0800402c                DMA1_Stream4_IRQHandler
                0x0800402c                I2C1_ER_IRQHandler
                0x0800402c                DMA2_Stream6_IRQHandler
                0x0800402c                DMA1_Stream3_IRQHandler
 *fill*         0x0800402e        0x2 
 .text.__libc_init_array
                0x08004030       0x48 d:/arm_tool/gcc-arm-none-eabi-7-2017-q4-major-win32/bin/../lib/gcc/arm-none-eabi/7.2.1/../../../../arm-none-eabi/lib/thumb/v7e-m/fpv4-sp/hard\libc_nano.a(lib_a-init.o)
                0x08004030                __libc_init_array
 .text.malloc   0x08004078       0x10 d:/arm_tool/gcc-arm-none-eabi-7-2017-q4-major-win32/bin/../lib/gcc/arm-none-eabi/7.2.1/../../../../arm-none-eabi/lib/thumb/v7e-m/fpv4-sp/hard\libc_nano.a(lib_a-malloc.o)
                0x08004078                malloc
 .text.free     0x08004088       0x10 d:/arm_tool/gcc-arm-none-eabi-7-2017-q4-major-win32/bin/../lib/gcc/arm-none-eabi/7.2.1/../../../../arm-none-eabi/lib/thumb/v7e-m/fpv4-sp/hard\libc_nano.a(lib_a-malloc.o)
                0x08004088                free
 .text._free_r  0x08004098       0x9c d:/arm_tool/gcc-arm-none-eabi-7-2017-q4-major-win32/bin/../lib/gcc/arm-none-eabi/7.2.1/../../../../arm-none-eabi/lib/thumb/v7e-m/fpv4-sp/hard\libc_nano.a(lib_a-nano-freer.o)
                0x08004098                _free_r
 .text._malloc_r
                0x08004134       0xb4 d:/arm_tool/gcc-arm-none-eabi-7-2017-q4-major-win32/bin/../lib/gcc/arm-none-eabi/7.2.1/../../../../arm-none-eabi/lib/thumb/v7e-m/fpv4-sp/hard\libc_nano.a(lib_a-nano-mallocr.o)
                0x08004134                _malloc_r
 .text._sbrk_r  0x080041e8       0x20 d:/arm_tool/gcc-arm-none-eabi-7-2017-q4-major-win32/bin/../lib/gcc/arm-none-eabi/7.2.1/../../../../arm-none-eabi/lib/thumb/v7e-m/fpv4-sp/hard\libc_nano.a(lib_a-sbrkr.o)
                0x080041e8                _sbrk_r
 .text.__malloc_lock
                0x08004208        0x2 d:/arm_tool/gcc-arm-none-eabi-7-2017-q4-major-win32/bin/../lib/gcc/arm-none-eabi/7.2.1/../../../../arm-none-eabi/lib/thumb/v7e-m/fpv4-sp/hard\libc_nano.a(lib_a-mlock.o)
                0x08004208                __malloc_lock
 .text.__malloc_unlock
                0x0800420a        0x2 d:/arm_tool/gcc-arm-none-eabi-7-2017-q4-major-win32/bin/../lib/gcc/arm-none-eabi/7.2.1/../../../../arm-none-eabi/lib/thumb/v7e-m/fpv4-sp/hard\libc_nano.a(lib_a-mlock.o)
                0x0800420a                __malloc_unlock
 .text._sbrk    0x0800420c       0x1c d:/arm_tool/gcc-arm-none-eabi-7-2017-q4-major-win32/bin/../lib/gcc/arm-none-eabi/7.2.1/../../../../arm-none-eabi/lib/thumb/v7e-m/fpv4-sp/hard\libnosys.a(sbrk.o)
                0x0800420c                _sbrk
 *(.glue_7)
 .glue_7        0x08004228        0x0 linker stubs
 *(.glue_7t)
 .glue_7t       0x08004228        0x0 linker stubs
 *(.eh_frame)
 .eh_frame      0x08004228        0x0 d:/arm_tool/gcc-arm-none-eabi-7-2017-q4-major-win32/bin/../lib/gcc/arm-none-eabi/7.2.1/thumb/v7e-m/fpv4-sp/hard/crtbegin.o
 *(.init)
 .init          0x08004228        0x4 d:/arm_tool/gcc-arm-none-eabi-7-2017-q4-major-win32/bin/../lib/gcc/arm-none-eabi/7.2.1/thumb/v7e-m/fpv4-sp/hard/crti.o
                0x08004228                _init
 .init          0x0800422c        0x8 d:/arm_tool/gcc-arm-none-eabi-7-2017-q4-major-win32/bin/../lib/gcc/arm-none-eabi/7.2.1/thumb/v7e-m/fpv4-sp/hard/crtn.o
 *(.fini)
 .fini          0x08004234        0x4 d:/arm_tool/gcc-arm-none-eabi-7-2017-q4-major-win32/bin/../lib/gcc/arm-none-eabi/7.2.1/thumb/v7e-m/fpv4-sp/hard/crti.o
                0x08004234                _fini
 .fini          0x08004238        0x8 d:/arm_tool/gcc-arm-none-eabi-7-2017-q4-major-win32/bin/../lib/gcc/arm-none-eabi/7.2.1/thumb/v7e-m/fpv4-sp/hard/crtn.o
                0x08004240                . = ALIGN (0x4)
                0x08004240                _etext = .

.vfp11_veneer   0x08004240        0x0
 .vfp11_veneer  0x08004240        0x0 linker stubs

.v4_bx          0x08004240        0x0
 .v4_bx         0x08004240        0x0 linker stubs

.iplt           0x08004240        0x0
 .iplt          0x08004240        0x0 d:/arm_tool/gcc-arm-none-eabi-7-2017-q4-major-win32/bin/../lib/gcc/arm-none-eabi/7.2.1/thumb/v7e-m/fpv4-sp/hard/crtbegin.o

.rodata         0x08004240       0x84
                0x08004240                . = ALIGN (0x4)
 *(.rodata)
 *(.rodata*)
 .rodata.AHBPrescTable
                0x08004240       0x10 build/system_stm32f4xx.o
                0x08004240                AHBPrescTable
 .rodata.MX_TIM1_Init.str1.4
                0x08004250        0xb build/main.o
 *fill*         0x0800425b        0x1 
 .rodata.USBD_LL_Init.str1.4
                0x0800425c       0x10 build/usbd_conf.o
 .rodata.USBD_FS_ConfigStrDescriptor.str1.4
                0x0800426c        0xb build/usbd_desc.o
 *fill*         0x08004277        0x1 
 .rodata.USBD_FS_InterfaceStrDescriptor.str1.4
                0x08004278        0xe build/usbd_desc.o
 *fill*         0x08004286        0x2 
 .rodata.USBD_FS_ManufacturerStrDescriptor.str1.4
                0x08004288       0x13 build/usbd_desc.o
 *fill*         0x0800429b        0x1 
 .rodata.USBD_FS_ProductStrDescriptor.str1.4
                0x0800429c       0x16 build/usbd_desc.o
 *fill*         0x080042b2        0x2 
 .rodata.USBD_FS_SerialStrDescriptor.str1.4
                0x080042b4       0x10 build/usbd_desc.o
                                  0xd (size before relaxing)
                0x080042c4                . = ALIGN (0x4)

.ARM.extab
 *(.ARM.extab* .gnu.linkonce.armextab.*)

.ARM            0x080042c4        0x8
                0x080042c4                __exidx_start = .
 *(.ARM.exidx*)
 .ARM.exidx     0x080042c4        0x8 d:/arm_tool/gcc-arm-none-eabi-7-2017-q4-major-win32/bin/../lib/gcc/arm-none-eabi/7.2.1/thumb/v7e-m/fpv4-sp/hard\libgcc.a(_udivmoddi4.o)
                0x080042cc                __exidx_end = .

.rel.dyn        0x080042cc        0x0
 .rel.iplt      0x080042cc        0x0 d:/arm_tool/gcc-arm-none-eabi-7-2017-q4-major-win32/bin/../lib/gcc/arm-none-eabi/7.2.1/thumb/v7e-m/fpv4-sp/hard/crtbegin.o

.preinit_array  0x080042cc        0x0
                0x080042cc                PROVIDE (__preinit_array_start, .)
 *(.preinit_array*)
                0x080042cc                PROVIDE (__preinit_array_end, .)

.init_array     0x080042cc        0x4
                0x080042cc                PROVIDE (__init_array_start, .)
 *(SORT_BY_NAME(.init_array.*))
 *(.init_array*)
 .init_array    0x080042cc        0x4 d:/arm_tool/gcc-arm-none-eabi-7-2017-q4-major-win32/bin/../lib/gcc/arm-none-eabi/7.2.1/thumb/v7e-m/fpv4-sp/hard/crtbegin.o
                0x080042d0                PROVIDE (__init_array_end, .)

.fini_array     0x080042d0        0x4
                [!provide]                PROVIDE (__fini_array_start, .)
 *(SORT_BY_NAME(.fini_array.*))
 *(.fini_array*)
 .fini_array    0x080042d0        0x4 d:/arm_tool/gcc-arm-none-eabi-7-2017-q4-major-win32/bin/../lib/gcc/arm-none-eabi/7.2.1/thumb/v7e-m/fpv4-sp/hard/crtbegin.o
                [!provide]                PROVIDE (__fini_array_end, .)
                0x080042d4                _sidata = LOADADDR (.data)

.data           0x20000000      0x1c4 load address 0x080042d4
                0x20000000                . = ALIGN (0x4)
                0x20000000                _sdata = .
 *(.data)
 *(.data*)
 .data.SystemCoreClock
                0x20000000        0x4 build/system_stm32f4xx.o
                0x20000000                SystemCoreClock
 .data.USBD_Interface_fops_FS
                0x20000004       0x10 build/usbd_cdc_if.o
                0x20000004                USBD_Interface_fops_FS
 .data.uwTickFreq
                0x20000014        0x1 build/stm32f4xx_hal.o
                0x20000014                uwTickFreq
 *fill*         0x20000015        0x3 
 .data.uwTickPrio
                0x20000018        0x4 build/stm32f4xx_hal.o
                0x20000018                uwTickPrio
 .data.USBD_CDC
                0x2000001c       0x38 build/usbd_cdc.o
                0x2000001c                USBD_CDC
 .data.USBD_CDC_CfgFSDesc
                0x20000054       0x43 build/usbd_cdc.o
                0x20000054                USBD_CDC_CfgFSDesc
 *fill*         0x20000097        0x1 
 .data.USBD_CDC_CfgHSDesc
                0x20000098       0x43 build/usbd_cdc.o
                0x20000098                USBD_CDC_CfgHSDesc
 *fill*         0x200000db        0x1 
 .data.USBD_CDC_DeviceQualifierDesc
                0x200000dc        0xa build/usbd_cdc.o
 *fill*         0x200000e6        0x2 
 .data.USBD_CDC_OtherSpeedCfgDesc
                0x200000e8       0x43 build/usbd_cdc.o
                0x200000e8                USBD_CDC_OtherSpeedCfgDesc
 *fill*         0x2000012b        0x1 
 .data.FS_Desc  0x2000012c       0x1c build/usbd_desc.o
                0x2000012c                FS_Desc
 .data.USBD_FS_DeviceDesc
                0x20000148       0x12 build/usbd_desc.o
                0x20000148                USBD_FS_DeviceDesc
 *fill*         0x2000015a        0x2 
 .data.USBD_LangIDDesc
                0x2000015c        0x4 build/usbd_desc.o
                0x2000015c                USBD_LangIDDesc
 .data._impure_ptr
                0x20000160        0x4 d:/arm_tool/gcc-arm-none-eabi-7-2017-q4-major-win32/bin/../lib/gcc/arm-none-eabi/7.2.1/../../../../arm-none-eabi/lib/thumb/v7e-m/fpv4-sp/hard\libc_nano.a(lib_a-impure.o)
                0x20000160                _impure_ptr
 .data.impure_data
                0x20000164       0x60 d:/arm_tool/gcc-arm-none-eabi-7-2017-q4-major-win32/bin/../lib/gcc/arm-none-eabi/7.2.1/../../../../arm-none-eabi/lib/thumb/v7e-m/fpv4-sp/hard\libc_nano.a(lib_a-impure.o)
                0x200001c4                . = ALIGN (0x4)
                0x200001c4                _edata = .
                0x08004498                _siccmram = LOADADDR (.ccmram)

.igot.plt       0x200001c4        0x0 load address 0x08004498
 .igot.plt      0x200001c4        0x0 d:/arm_tool/gcc-arm-none-eabi-7-2017-q4-major-win32/bin/../lib/gcc/arm-none-eabi/7.2.1/thumb/v7e-m/fpv4-sp/hard/crtbegin.o

.ccmram         0x10000000        0x0 load address 0x08004498
                0x10000000                . = ALIGN (0x4)
                0x10000000                _sccmram = .
 *(.ccmram)
 *(.ccmram*)
                0x10000000                . = ALIGN (0x4)
                0x10000000                _eccmram = .
                0x10000000                . = ALIGN (0x4)

.bss            0x200001c4     0x1960
                0x200001c4                _sbss = .
                0x200001c4                __bss_start__ = _sbss
 *(.bss)
 .bss           0x200001c4       0x1c d:/arm_tool/gcc-arm-none-eabi-7-2017-q4-major-win32/bin/../lib/gcc/arm-none-eabi/7.2.1/thumb/v7e-m/fpv4-sp/hard/crtbegin.o
 *(.bss*)
 .bss.cfgidx.10296
                0x200001e0        0x1 build/usbd_ctlreq.o
 .bss.ifalt.10291
                0x200001e1        0x1 build/usbd_cdc.o
 *fill*         0x200001e2        0x2 
 .bss.__malloc_free_list
                0x200001e4        0x4 d:/arm_tool/gcc-arm-none-eabi-7-2017-q4-major-win32/bin/../lib/gcc/arm-none-eabi/7.2.1/../../../../arm-none-eabi/lib/thumb/v7e-m/fpv4-sp/hard\libc_nano.a(lib_a-nano-mallocr.o)
                0x200001e4                __malloc_free_list
 .bss.__malloc_sbrk_start
                0x200001e8        0x4 d:/arm_tool/gcc-arm-none-eabi-7-2017-q4-major-win32/bin/../lib/gcc/arm-none-eabi/7.2.1/../../../../arm-none-eabi/lib/thumb/v7e-m/fpv4-sp/hard\libc_nano.a(lib_a-nano-mallocr.o)
                0x200001e8                __malloc_sbrk_start
 .bss.heap_end.5377
                0x200001ec        0x4 d:/arm_tool/gcc-arm-none-eabi-7-2017-q4-major-win32/bin/../lib/gcc/arm-none-eabi/7.2.1/../../../../arm-none-eabi/lib/thumb/v7e-m/fpv4-sp/hard\libnosys.a(sbrk.o)
 *(COMMON)
 COMMON         0x200001f0      0x224 build/usb_device.o
                0x200001f0                hUsbDeviceFS
 COMMON         0x20000414     0x1000 build/usbd_cdc_if.o
                0x20000414                UserRxBufferFS
                0x20000c14                UserTxBufferFS
 COMMON         0x20001414      0x118 build/main.o
                0x20001414                hspi2
                0x2000146c                htim3
                0x200014a8                hadc1
                0x200014f0                htim1
 COMMON         0x2000152c        0x4 build/stm32f4xx_hal.o
                0x2000152c                uwTick
 COMMON         0x20001530      0x3f0 build/usbd_conf.o
                0x20001530                hpcd_USB_OTG_FS
 COMMON         0x20001920      0x200 build/usbd_desc.o
                0x20001920                USBD_StrDesc
 COMMON         0x20001b20        0x4 d:/arm_tool/gcc-arm-none-eabi-7-2017-q4-major-win32/bin/../lib/gcc/arm-none-eabi/7.2.1/../../../../arm-none-eabi/lib/thumb/v7e-m/fpv4-sp/hard\libc_nano.a(lib_a-reent.o)
                0x20001b20                errno
                0x20001b24                . = ALIGN (0x4)
                0x20001b24                _ebss = .
                0x20001b24                __bss_end__ = _ebss

._user_heap_stack
                0x20001b24      0x604
                0x20001b28                . = ALIGN (0x8)
 *fill*         0x20001b24        0x4 
                0x20001b28                PROVIDE (end, .)
                [!provide]                PROVIDE (_end, .)
                0x20001d28                . = (. + _Min_Heap_Size)
 *fill*         0x20001b28      0x200 
                0x20002128                . = (. + _Min_Stack_Size)
 *fill*         0x20001d28      0x400 
                0x20002128                . = ALIGN (0x8)

/DISCARD/
 libc.a(*)
 libm.a(*)
 libgcc.a(*)

.ARM.attributes
                0x00000000       0x30
 *(.ARM.attributes)
 .ARM.attributes
                0x00000000       0x22 d:/arm_tool/gcc-arm-none-eabi-7-2017-q4-major-win32/bin/../lib/gcc/arm-none-eabi/7.2.1/thumb/v7e-m/fpv4-sp/hard/crti.o
 .ARM.attributes
                0x00000022       0x34 d:/arm_tool/gcc-arm-none-eabi-7-2017-q4-major-win32/bin/../lib/gcc/arm-none-eabi/7.2.1/thumb/v7e-m/fpv4-sp/hard/crtbegin.o
 .ARM.attributes
                0x00000056       0x39 build/stm32f4xx_hal_pcd_ex.o
 .ARM.attributes
                0x0000008f       0x39 build/usbd_ctlreq.o
 .ARM.attributes
                0x000000c8       0x39 build/usbd_core.o
 .ARM.attributes
                0x00000101       0x39 build/stm32f4xx_hal_tim.o
 .ARM.attributes
                0x0000013a       0x39 build/system_stm32f4xx.o
 .ARM.attributes
                0x00000173       0x39 build/usb_device.o
 .ARM.attributes
                0x000001ac       0x39 build/usbd_cdc_if.o
 .ARM.attributes
                0x000001e5       0x39 build/stm32f4xx_hal_gpio.o
 .ARM.attributes
                0x0000021e       0x39 build/stm32f4xx_ll_usb.o
 .ARM.attributes
                0x00000257       0x39 build/stm32f4xx_hal_pcd.o
 .ARM.attributes
                0x00000290       0x39 build/stm32f4xx_hal_adc.o
 .ARM.attributes
                0x000002c9       0x39 build/main.o
 .ARM.attributes
                0x00000302       0x39 build/stm32f4xx_hal_tim_ex.o
 .ARM.attributes
                0x0000033b       0x39 build/stm32f4xx_hal_msp.o
 .ARM.attributes
                0x00000374       0x39 build/stm32f4xx_hal.o
 .ARM.attributes
                0x000003ad       0x39 build/usbd_ioreq.o
 .ARM.attributes
                0x000003e6       0x39 build/stm32f4xx_hal_spi.o
 .ARM.attributes
                0x0000041f       0x39 build/stm32f4xx_it.o
 .ARM.attributes
                0x00000458       0x39 build/stm32f4xx_hal_cortex.o
 .ARM.attributes
                0x00000491       0x39 build/usbd_conf.o
 .ARM.attributes
                0x000004ca       0x39 build/usbd_cdc.o
 .ARM.attributes
                0x00000503       0x39 build/usbd_desc.o
 .ARM.attributes
                0x0000053c       0x39 build/stm32f4xx_hal_rcc.o
 .ARM.attributes
                0x00000575       0x21 build/startup_stm32f407xx.o
 .ARM.attributes
                0x00000596       0x34 d:/arm_tool/gcc-arm-none-eabi-7-2017-q4-major-win32/bin/../lib/gcc/arm-none-eabi/7.2.1/../../../../arm-none-eabi/lib/thumb/v7e-m/fpv4-sp/hard\libc_nano.a(lib_a-impure.o)
 .ARM.attributes
                0x000005ca       0x34 d:/arm_tool/gcc-arm-none-eabi-7-2017-q4-major-win32/bin/../lib/gcc/arm-none-eabi/7.2.1/../../../../arm-none-eabi/lib/thumb/v7e-m/fpv4-sp/hard\libc_nano.a(lib_a-init.o)
 .ARM.attributes
                0x000005fe       0x34 d:/arm_tool/gcc-arm-none-eabi-7-2017-q4-major-win32/bin/../lib/gcc/arm-none-eabi/7.2.1/../../../../arm-none-eabi/lib/thumb/v7e-m/fpv4-sp/hard\libc_nano.a(lib_a-malloc.o)
 .ARM.attributes
                0x00000632       0x34 d:/arm_tool/gcc-arm-none-eabi-7-2017-q4-major-win32/bin/../lib/gcc/arm-none-eabi/7.2.1/../../../../arm-none-eabi/lib/thumb/v7e-m/fpv4-sp/hard\libc_nano.a(lib_a-nano-freer.o)
 .ARM.attributes
                0x00000666       0x34 d:/arm_tool/gcc-arm-none-eabi-7-2017-q4-major-win32/bin/../lib/gcc/arm-none-eabi/7.2.1/../../../../arm-none-eabi/lib/thumb/v7e-m/fpv4-sp/hard\libc_nano.a(lib_a-nano-mallocr.o)
 .ARM.attributes
                0x0000069a       0x34 d:/arm_tool/gcc-arm-none-eabi-7-2017-q4-major-win32/bin/../lib/gcc/arm-none-eabi/7.2.1/../../../../arm-none-eabi/lib/thumb/v7e-m/fpv4-sp/hard\libc_nano.a(lib_a-sbrkr.o)
 .ARM.attributes
                0x000006ce       0x34 d:/arm_tool/gcc-arm-none-eabi-7-2017-q4-major-win32/bin/../lib/gcc/arm-none-eabi/7.2.1/../../../../arm-none-eabi/lib/thumb/v7e-m/fpv4-sp/hard\libc_nano.a(lib_a-mlock.o)
 .ARM.attributes
                0x00000702       0x34 d:/arm_tool/gcc-arm-none-eabi-7-2017-q4-major-win32/bin/../lib/gcc/arm-none-eabi/7.2.1/../../../../arm-none-eabi/lib/thumb/v7e-m/fpv4-sp/hard\libc_nano.a(lib_a-reent.o)
 .ARM.attributes
                0x00000736       0x34 d:/arm_tool/gcc-arm-none-eabi-7-2017-q4-major-win32/bin/../lib/gcc/arm-none-eabi/7.2.1/../../../../arm-none-eabi/lib/thumb/v7e-m/fpv4-sp/hard\libnosys.a(sbrk.o)
 .ARM.attributes
                0x0000076a       0x22 d:/arm_tool/gcc-arm-none-eabi-7-2017-q4-major-win32/bin/../lib/gcc/arm-none-eabi/7.2.1/thumb/v7e-m/fpv4-sp/hard\libgcc.a(_aeabi_uldivmod.o)
 .ARM.attributes
                0x0000078c       0x34 d:/arm_tool/gcc-arm-none-eabi-7-2017-q4-major-win32/bin/../lib/gcc/arm-none-eabi/7.2.1/thumb/v7e-m/fpv4-sp/hard\libgcc.a(_udivmoddi4.o)
 .ARM.attributes
                0x000007c0       0x22 d:/arm_tool/gcc-arm-none-eabi-7-2017-q4-major-win32/bin/../lib/gcc/arm-none-eabi/7.2.1/thumb/v7e-m/fpv4-sp/hard\libgcc.a(_dvmd_tls.o)
 .ARM.attributes
                0x000007e2       0x22 d:/arm_tool/gcc-arm-none-eabi-7-2017-q4-major-win32/bin/../lib/gcc/arm-none-eabi/7.2.1/thumb/v7e-m/fpv4-sp/hard/crtn.o
OUTPUT(build/HMC.elf elf32-littlearm)

.debug_info     0x00000000    0x24949
 .debug_info    0x00000000      0xf2c build/stm32f4xx_hal_pcd_ex.o
 .debug_info    0x00000f2c     0x180b build/usbd_ctlreq.o
 .debug_info    0x00002737     0x167a build/usbd_core.o
 .debug_info    0x00003db1     0x3a39 build/stm32f4xx_hal_tim.o
 .debug_info    0x000077ea      0xe82 build/system_stm32f4xx.o
 .debug_info    0x0000866c     0x1000 build/usb_device.o
 .debug_info    0x0000966c     0x123e build/usbd_cdc_if.o
 .debug_info    0x0000a8aa     0x110f build/stm32f4xx_hal_gpio.o
 .debug_info    0x0000b9b9     0x21af build/stm32f4xx_ll_usb.o
 .debug_info    0x0000db68     0x1f06 build/stm32f4xx_hal_pcd.o
 .debug_info    0x0000fa6e     0x17f4 build/stm32f4xx_hal_adc.o
 .debug_info    0x00011262     0x29ca build/main.o
 .debug_info    0x00013c2c     0x1d71 build/stm32f4xx_hal_tim_ex.o
 .debug_info    0x0001599d     0x1e1d build/stm32f4xx_hal_msp.o
 .debug_info    0x000177ba     0x138f build/stm32f4xx_hal.o
 .debug_info    0x00018b49     0x1152 build/usbd_ioreq.o
 .debug_info    0x00019c9b     0x2464 build/stm32f4xx_hal_spi.o
 .debug_info    0x0001c0ff      0xf88 build/stm32f4xx_it.o
 .debug_info    0x0001d087     0x1915 build/stm32f4xx_hal_cortex.o
 .debug_info    0x0001e99c     0x25a4 build/usbd_conf.o
 .debug_info    0x00020f40     0x1748 build/usbd_cdc.o
 .debug_info    0x00022688      0xe87 build/usbd_desc.o
 .debug_info    0x0002350f     0x1418 build/stm32f4xx_hal_rcc.o
 .debug_info    0x00024927       0x22 build/startup_stm32f407xx.o

.debug_abbrev   0x00000000     0x4044
 .debug_abbrev  0x00000000      0x22f build/stm32f4xx_hal_pcd_ex.o
 .debug_abbrev  0x0000022f      0x325 build/usbd_ctlreq.o
 .debug_abbrev  0x00000554      0x2c6 build/usbd_core.o
 .debug_abbrev  0x0000081a      0x310 build/stm32f4xx_hal_tim.o
 .debug_abbrev  0x00000b2a      0x1e6 build/system_stm32f4xx.o
 .debug_abbrev  0x00000d10      0x1fa build/usb_device.o
 .debug_abbrev  0x00000f0a      0x2c5 build/usbd_cdc_if.o
 .debug_abbrev  0x000011cf      0x2be build/stm32f4xx_hal_gpio.o
 .debug_abbrev  0x0000148d      0x320 build/stm32f4xx_ll_usb.o
 .debug_abbrev  0x000017ad      0x350 build/stm32f4xx_hal_pcd.o
 .debug_abbrev  0x00001afd      0x300 build/stm32f4xx_hal_adc.o
 .debug_abbrev  0x00001dfd      0x2d9 build/main.o
 .debug_abbrev  0x000020d6      0x2f8 build/stm32f4xx_hal_tim_ex.o
 .debug_abbrev  0x000023ce      0x2c1 build/stm32f4xx_hal_msp.o
 .debug_abbrev  0x0000268f      0x2e1 build/stm32f4xx_hal.o
 .debug_abbrev  0x00002970      0x1f7 build/usbd_ioreq.o
 .debug_abbrev  0x00002b67      0x323 build/stm32f4xx_hal_spi.o
 .debug_abbrev  0x00002e8a      0x21e build/stm32f4xx_it.o
 .debug_abbrev  0x000030a8      0x3dc build/stm32f4xx_hal_cortex.o
 .debug_abbrev  0x00003484      0x2ec build/usbd_conf.o
 .debug_abbrev  0x00003770      0x335 build/usbd_cdc.o
 .debug_abbrev  0x00003aa5      0x25e build/usbd_desc.o
 .debug_abbrev  0x00003d03      0x32f build/stm32f4xx_hal_rcc.o
 .debug_abbrev  0x00004032       0x12 build/startup_stm32f407xx.o

.debug_loc      0x00000000     0xf60a
 .debug_loc     0x00000000       0xe3 build/stm32f4xx_hal_pcd_ex.o
 .debug_loc     0x000000e3      0xcf4 build/usbd_ctlreq.o
 .debug_loc     0x00000dd7      0x884 build/usbd_core.o
 .debug_loc     0x0000165b     0x404a build/stm32f4xx_hal_tim.o
 .debug_loc     0x000056a5      0x13e build/system_stm32f4xx.o
 .debug_loc     0x000057e3       0x20 build/usb_device.o
 .debug_loc     0x00005803      0x173 build/usbd_cdc_if.o
 .debug_loc     0x00005976      0x531 build/stm32f4xx_hal_gpio.o
 .debug_loc     0x00005ea7     0x1b60 build/stm32f4xx_ll_usb.o
 .debug_loc     0x00007a07      0xfd1 build/stm32f4xx_hal_pcd.o
 .debug_loc     0x000089d8      0xbd0 build/stm32f4xx_hal_adc.o
 .debug_loc     0x000095a8      0x18d build/main.o
 .debug_loc     0x00009735     0x131e build/stm32f4xx_hal_tim_ex.o
 .debug_loc     0x0000aa53      0x2be build/stm32f4xx_hal_msp.o
 .debug_loc     0x0000ad11      0x19d build/stm32f4xx_hal.o
 .debug_loc     0x0000aeae      0x31c build/usbd_ioreq.o
 .debug_loc     0x0000b1ca     0x1ffb build/stm32f4xx_hal_spi.o
 .debug_loc     0x0000d1c5       0x40 build/stm32f4xx_it.o
 .debug_loc     0x0000d205      0x65e build/stm32f4xx_hal_cortex.o
 .debug_loc     0x0000d863      0xf5f build/usbd_conf.o
 .debug_loc     0x0000e7c2      0x59c build/usbd_cdc.o
 .debug_loc     0x0000ed5e      0x357 build/usbd_desc.o
 .debug_loc     0x0000f0b5      0x555 build/stm32f4xx_hal_rcc.o

.debug_aranges  0x00000000     0x11c8
 .debug_aranges
                0x00000000       0x28 build/stm32f4xx_hal_pcd_ex.o
 .debug_aranges
                0x00000028       0x88 build/usbd_ctlreq.o
 .debug_aranges
                0x000000b0       0xb8 build/usbd_core.o
 .debug_aranges
                0x00000168      0x368 build/stm32f4xx_hal_tim.o
 .debug_aranges
                0x000004d0       0x28 build/system_stm32f4xx.o
 .debug_aranges
                0x000004f8       0x20 build/usb_device.o
 .debug_aranges
                0x00000518       0x40 build/usbd_cdc_if.o
 .debug_aranges
                0x00000558       0x58 build/stm32f4xx_hal_gpio.o
 .debug_aranges
                0x000005b0      0x180 build/stm32f4xx_ll_usb.o
 .debug_aranges
                0x00000730      0x120 build/stm32f4xx_hal_pcd.o
 .debug_aranges
                0x00000850       0xe8 build/stm32f4xx_hal_adc.o
 .debug_aranges
                0x00000938       0x58 build/main.o
 .debug_aranges
                0x00000990      0x140 build/stm32f4xx_hal_tim_ex.o
 .debug_aranges
                0x00000ad0       0x68 build/stm32f4xx_hal_msp.o
 .debug_aranges
                0x00000b38       0xe0 build/stm32f4xx_hal.o
 .debug_aranges
                0x00000c18       0x50 build/usbd_ioreq.o
 .debug_aranges
                0x00000c68      0x1c8 build/stm32f4xx_hal_spi.o
 .debug_aranges
                0x00000e30       0x68 build/stm32f4xx_it.o
 .debug_aranges
                0x00000e98       0xa8 build/stm32f4xx_hal_cortex.o
 .debug_aranges
                0x00000f40       0xf8 build/usbd_conf.o
 .debug_aranges
                0x00001038       0x90 build/usbd_cdc.o
 .debug_aranges
                0x000010c8       0x50 build/usbd_desc.o
 .debug_aranges
                0x00001118       0x88 build/stm32f4xx_hal_rcc.o
 .debug_aranges
                0x000011a0       0x28 build/startup_stm32f407xx.o

.debug_ranges   0x00000000     0x10c8
 .debug_ranges  0x00000000       0x18 build/stm32f4xx_hal_pcd_ex.o
 .debug_ranges  0x00000018       0x78 build/usbd_ctlreq.o
 .debug_ranges  0x00000090       0xa8 build/usbd_core.o
 .debug_ranges  0x00000138      0x358 build/stm32f4xx_hal_tim.o
 .debug_ranges  0x00000490       0x18 build/system_stm32f4xx.o
 .debug_ranges  0x000004a8       0x10 build/usb_device.o
 .debug_ranges  0x000004b8       0x30 build/usbd_cdc_if.o
 .debug_ranges  0x000004e8       0x48 build/stm32f4xx_hal_gpio.o
 .debug_ranges  0x00000530      0x170 build/stm32f4xx_ll_usb.o
 .debug_ranges  0x000006a0      0x110 build/stm32f4xx_hal_pcd.o
 .debug_ranges  0x000007b0       0xd8 build/stm32f4xx_hal_adc.o
 .debug_ranges  0x00000888       0x48 build/main.o
 .debug_ranges  0x000008d0      0x130 build/stm32f4xx_hal_tim_ex.o
 .debug_ranges  0x00000a00       0x58 build/stm32f4xx_hal_msp.o
 .debug_ranges  0x00000a58       0xd0 build/stm32f4xx_hal.o
 .debug_ranges  0x00000b28       0x40 build/usbd_ioreq.o
 .debug_ranges  0x00000b68      0x1b8 build/stm32f4xx_hal_spi.o
 .debug_ranges  0x00000d20       0x58 build/stm32f4xx_it.o
 .debug_ranges  0x00000d78       0xf8 build/stm32f4xx_hal_cortex.o
 .debug_ranges  0x00000e70       0xe8 build/usbd_conf.o
 .debug_ranges  0x00000f58       0x80 build/usbd_cdc.o
 .debug_ranges  0x00000fd8       0x40 build/usbd_desc.o
 .debug_ranges  0x00001018       0x90 build/stm32f4xx_hal_rcc.o
 .debug_ranges  0x000010a8       0x20 build/startup_stm32f407xx.o

.debug_line     0x00000000     0x83f8
 .debug_line    0x00000000      0x2b4 build/stm32f4xx_hal_pcd_ex.o
 .debug_line    0x000002b4      0x4dd build/usbd_ctlreq.o
 .debug_line    0x00000791      0x4d0 build/usbd_core.o
 .debug_line    0x00000c61     0x1314 build/stm32f4xx_hal_tim.o
 .debug_line    0x00001f75      0x237 build/system_stm32f4xx.o
 .debug_line    0x000021ac      0x30c build/usb_device.o
 .debug_line    0x000024b8      0x32e build/usbd_cdc_if.o
 .debug_line    0x000027e6      0x3f2 build/stm32f4xx_hal_gpio.o
 .debug_line    0x00002bd8      0x8d0 build/stm32f4xx_ll_usb.o
 .debug_line    0x000034a8      0x7b4 build/stm32f4xx_hal_pcd.o
 .debug_line    0x00003c5c      0x73a build/stm32f4xx_hal_adc.o
 .debug_line    0x00004396      0x505 build/main.o
 .debug_line    0x0000489b      0x85a build/stm32f4xx_hal_tim_ex.o
 .debug_line    0x000050f5      0x3c3 build/stm32f4xx_hal_msp.o
 .debug_line    0x000054b8      0x464 build/stm32f4xx_hal.o
 .debug_line    0x0000591c      0x332 build/usbd_ioreq.o
 .debug_line    0x00005c4e      0xc8b build/stm32f4xx_hal_spi.o
 .debug_line    0x000068d9      0x328 build/stm32f4xx_it.o
 .debug_line    0x00006c01      0x4a4 build/stm32f4xx_hal_cortex.o
 .debug_line    0x000070a5      0x5f9 build/usbd_conf.o
 .debug_line    0x0000769e      0x49b build/usbd_cdc.o
 .debug_line    0x00007b39      0x321 build/usbd_desc.o
 .debug_line    0x00007e5a      0x52a build/stm32f4xx_hal_rcc.o
 .debug_line    0x00008384       0x74 build/startup_stm32f407xx.o

.debug_str      0x00000000     0x5451
 .debug_str     0x00000000      0x8d9 build/stm32f4xx_hal_pcd_ex.o
                                0x97a (size before relaxing)
 .debug_str     0x000008d9      0x506 build/usbd_ctlreq.o
                                0xb63 (size before relaxing)
 .debug_str     0x00000ddf      0x229 build/usbd_core.o
                                0xc49 (size before relaxing)
 .debug_str     0x00001008     0x10f4 build/stm32f4xx_hal_tim.o
                               0x17b3 (size before relaxing)
 .debug_str     0x000020fc      0x19e build/system_stm32f4xx.o
                                0x752 (size before relaxing)
 .debug_str     0x0000229a       0x9f build/usb_device.o
                                0xa29 (size before relaxing)
 .debug_str     0x00002339      0x123 build/usbd_cdc_if.o
                                0xb23 (size before relaxing)
 .debug_str     0x0000245c      0x1c3 build/stm32f4xx_hal_gpio.o
                                0x8ee (size before relaxing)
 .debug_str     0x0000261f      0x755 build/stm32f4xx_ll_usb.o
                                0xf9e (size before relaxing)
 .debug_str     0x00002d74      0x33e build/stm32f4xx_hal_pcd.o
                                0xff6 (size before relaxing)
 .debug_str     0x000030b2      0x470 build/stm32f4xx_hal_adc.o
                                0xd41 (size before relaxing)
 .debug_str     0x00003522      0xa48 build/main.o
                               0x1c52 (size before relaxing)
 .debug_str     0x00003f6a      0x3ad build/stm32f4xx_hal_tim_ex.o
                               0x1073 (size before relaxing)
 .debug_str     0x00004317       0x82 build/stm32f4xx_hal_msp.o
                               0x14b1 (size before relaxing)
 .debug_str     0x00004399      0x2d0 build/stm32f4xx_hal.o
                                0xf41 (size before relaxing)
 .debug_str     0x00004669       0x87 build/usbd_ioreq.o
                                0xa90 (size before relaxing)
 .debug_str     0x000046f0      0x4d0 build/stm32f4xx_hal_spi.o
                                0xf78 (size before relaxing)
 .debug_str     0x00004bc0       0xdc build/stm32f4xx_it.o
                                0x9c4 (size before relaxing)
 .debug_str     0x00004c9c      0x339 build/stm32f4xx_hal_cortex.o
                               0x1018 (size before relaxing)
 .debug_str     0x00004fd5       0x53 build/usbd_conf.o
                               0x1880 (size before relaxing)
 .debug_str     0x00005028      0x188 build/usbd_cdc.o
                                0xcbf (size before relaxing)
 .debug_str     0x000051b0      0x10b build/usbd_desc.o
                                0x804 (size before relaxing)
 .debug_str     0x000052bb      0x171 build/stm32f4xx_hal_rcc.o
                                0xac1 (size before relaxing)
 .debug_str     0x0000542c       0x25 build/startup_stm32f407xx.o
                                 0x39 (size before relaxing)

.comment        0x00000000       0x7e
 .comment       0x00000000       0x7e build/stm32f4xx_hal_pcd_ex.o
                                 0x7f (size before relaxing)
 .comment       0x0000007e       0x7f build/usbd_ctlreq.o
 .comment       0x0000007e       0x7f build/usbd_core.o
 .comment       0x0000007e       0x7f build/stm32f4xx_hal_tim.o
 .comment       0x0000007e       0x7f build/system_stm32f4xx.o
 .comment       0x0000007e       0x7f build/usb_device.o
 .comment       0x0000007e       0x7f build/usbd_cdc_if.o
 .comment       0x0000007e       0x7f build/stm32f4xx_hal_gpio.o
 .comment       0x0000007e       0x7f build/stm32f4xx_ll_usb.o
 .comment       0x0000007e       0x7f build/stm32f4xx_hal_pcd.o
 .comment       0x0000007e       0x7f build/stm32f4xx_hal_adc.o
 .comment       0x0000007e       0x7f build/main.o
 .comment       0x0000007e       0x7f build/stm32f4xx_hal_tim_ex.o
 .comment       0x0000007e       0x7f build/stm32f4xx_hal_msp.o
 .comment       0x0000007e       0x7f build/stm32f4xx_hal.o
 .comment       0x0000007e       0x7f build/usbd_ioreq.o
 .comment       0x0000007e       0x7f build/stm32f4xx_hal_spi.o
 .comment       0x0000007e       0x7f build/stm32f4xx_it.o
 .comment       0x0000007e       0x7f build/stm32f4xx_hal_cortex.o
 .comment       0x0000007e       0x7f build/usbd_conf.o
 .comment       0x0000007e       0x7f build/usbd_cdc.o
 .comment       0x0000007e       0x7f build/usbd_desc.o
 .comment       0x0000007e       0x7f build/stm32f4xx_hal_rcc.o

.debug_frame    0x00000000     0x35b0
 .debug_frame   0x00000000       0x40 build/stm32f4xx_hal_pcd_ex.o
 .debug_frame   0x00000040      0x1b0 build/usbd_ctlreq.o
 .debug_frame   0x000001f0      0x1ec build/usbd_core.o
 .debug_frame   0x000003dc      0xb0c build/stm32f4xx_hal_tim.o
 .debug_frame   0x00000ee8       0x30 build/system_stm32f4xx.o
 .debug_frame   0x00000f18       0x2c build/usb_device.o
 .debug_frame   0x00000f44       0x84 build/usbd_cdc_if.o
 .debug_frame   0x00000fc8       0xec build/stm32f4xx_hal_gpio.o
 .debug_frame   0x000010b4      0x514 build/stm32f4xx_ll_usb.o
 .debug_frame   0x000015c8      0x34c build/stm32f4xx_hal_pcd.o
 .debug_frame   0x00001914      0x2b8 build/stm32f4xx_hal_adc.o
 .debug_frame   0x00001bcc      0x108 build/main.o
 .debug_frame   0x00001cd4      0x3f0 build/stm32f4xx_hal_tim_ex.o
 .debug_frame   0x000020c4      0x120 build/stm32f4xx_hal_msp.o
 .debug_frame   0x000021e4      0x1e0 build/stm32f4xx_hal.o
 .debug_frame   0x000023c4       0xd4 build/usbd_ioreq.o
 .debug_frame   0x00002498      0x5ec build/stm32f4xx_hal_spi.o
 .debug_frame   0x00002a84       0xc8 build/stm32f4xx_it.o
 .debug_frame   0x00002b4c      0x16c build/stm32f4xx_hal_cortex.o
 .debug_frame   0x00002cb8      0x318 build/usbd_conf.o
 .debug_frame   0x00002fd0      0x168 build/usbd_cdc.o
 .debug_frame   0x00003138       0xbc build/usbd_desc.o
 .debug_frame   0x000031f4      0x1c4 build/stm32f4xx_hal_rcc.o
 .debug_frame   0x000033b8       0x2c d:/arm_tool/gcc-arm-none-eabi-7-2017-q4-major-win32/bin/../lib/gcc/arm-none-eabi/7.2.1/../../../../arm-none-eabi/lib/thumb/v7e-m/fpv4-sp/hard\libc_nano.a(lib_a-init.o)
 .debug_frame   0x000033e4       0x30 d:/arm_tool/gcc-arm-none-eabi-7-2017-q4-major-win32/bin/../lib/gcc/arm-none-eabi/7.2.1/../../../../arm-none-eabi/lib/thumb/v7e-m/fpv4-sp/hard\libc_nano.a(lib_a-malloc.o)
 .debug_frame   0x00003414       0x38 d:/arm_tool/gcc-arm-none-eabi-7-2017-q4-major-win32/bin/../lib/gcc/arm-none-eabi/7.2.1/../../../../arm-none-eabi/lib/thumb/v7e-m/fpv4-sp/hard\libc_nano.a(lib_a-nano-freer.o)
 .debug_frame   0x0000344c       0x2c d:/arm_tool/gcc-arm-none-eabi-7-2017-q4-major-win32/bin/../lib/gcc/arm-none-eabi/7.2.1/../../../../arm-none-eabi/lib/thumb/v7e-m/fpv4-sp/hard\libc_nano.a(lib_a-nano-mallocr.o)
 .debug_frame   0x00003478       0x2c d:/arm_tool/gcc-arm-none-eabi-7-2017-q4-major-win32/bin/../lib/gcc/arm-none-eabi/7.2.1/../../../../arm-none-eabi/lib/thumb/v7e-m/fpv4-sp/hard\libc_nano.a(lib_a-sbrkr.o)
 .debug_frame   0x000034a4       0x30 d:/arm_tool/gcc-arm-none-eabi-7-2017-q4-major-win32/bin/../lib/gcc/arm-none-eabi/7.2.1/../../../../arm-none-eabi/lib/thumb/v7e-m/fpv4-sp/hard\libc_nano.a(lib_a-mlock.o)
 .debug_frame   0x000034d4       0x5c d:/arm_tool/gcc-arm-none-eabi-7-2017-q4-major-win32/bin/../lib/gcc/arm-none-eabi/7.2.1/../../../../arm-none-eabi/lib/thumb/v7e-m/fpv4-sp/hard\libc_nano.a(lib_a-reent.o)
 .debug_frame   0x00003530       0x20 d:/arm_tool/gcc-arm-none-eabi-7-2017-q4-major-win32/bin/../lib/gcc/arm-none-eabi/7.2.1/../../../../arm-none-eabi/lib/thumb/v7e-m/fpv4-sp/hard\libnosys.a(sbrk.o)
 .debug_frame   0x00003550       0x2c d:/arm_tool/gcc-arm-none-eabi-7-2017-q4-major-win32/bin/../lib/gcc/arm-none-eabi/7.2.1/thumb/v7e-m/fpv4-sp/hard\libgcc.a(_aeabi_uldivmod.o)
 .debug_frame   0x0000357c       0x34 d:/arm_tool/gcc-arm-none-eabi-7-2017-q4-major-win32/bin/../lib/gcc/arm-none-eabi/7.2.1/thumb/v7e-m/fpv4-sp/hard\libgcc.a(_udivmoddi4.o)

Cross Reference Table

Symbol                                            File
ADC_IRQHandler                                    build/startup_stm32f407xx.o
AHBPrescTable                                     build/system_stm32f4xx.o
                                                  build/stm32f4xx_hal_rcc.o
APBPrescTable                                     build/system_stm32f4xx.o
                                                  build/stm32f4xx_hal_rcc.o
BusFault_Handler                                  build/stm32f4xx_it.o
CAN1_RX0_IRQHandler                               build/startup_stm32f407xx.o
CAN1_RX1_IRQHandler                               build/startup_stm32f407xx.o
CAN1_SCE_IRQHandler                               build/startup_stm32f407xx.o
CAN1_TX_IRQHandler                                build/startup_stm32f407xx.o
CAN2_RX0_IRQHandler                               build/startup_stm32f407xx.o
CAN2_RX1_IRQHandler                               build/startup_stm32f407xx.o
CAN2_SCE_IRQHandler                               build/startup_stm32f407xx.o
CAN2_TX_IRQHandler                                build/startup_stm32f407xx.o
CDC_Transmit_FS                                   build/usbd_cdc_if.o
DCMI_IRQHandler                                   build/startup_stm32f407xx.o
DMA1_Stream0_IRQHandler                           build/startup_stm32f407xx.o
DMA1_Stream1_IRQHandler                           build/startup_stm32f407xx.o
DMA1_Stream2_IRQHandler                           build/startup_stm32f407xx.o
DMA1_Stream3_IRQHandler                           build/startup_stm32f407xx.o
DMA1_Stream4_IRQHandler                           build/startup_stm32f407xx.o
DMA1_Stream5_IRQHandler                           build/startup_stm32f407xx.o
DMA1_Stream6_IRQHandler                           build/startup_stm32f407xx.o
DMA1_Stream7_IRQHandler                           build/startup_stm32f407xx.o
DMA2_Stream0_IRQHandler                           build/startup_stm32f407xx.o
DMA2_Stream1_IRQHandler                           build/startup_stm32f407xx.o
DMA2_Stream2_IRQHandler                           build/startup_stm32f407xx.o
DMA2_Stream3_IRQHandler                           build/startup_stm32f407xx.o
DMA2_Stream4_IRQHandler                           build/startup_stm32f407xx.o
DMA2_Stream5_IRQHandler                           build/startup_stm32f407xx.o
DMA2_Stream6_IRQHandler                           build/startup_stm32f407xx.o
DMA2_Stream7_IRQHandler                           build/startup_stm32f407xx.o
DebugMon_Handler                                  build/stm32f4xx_it.o
Default_Handler                                   build/startup_stm32f407xx.o
ETH_IRQHandler                                    build/startup_stm32f407xx.o
ETH_WKUP_IRQHandler                               build/startup_stm32f407xx.o
EXTI0_IRQHandler                                  build/startup_stm32f407xx.o
EXTI15_10_IRQHandler                              build/startup_stm32f407xx.o
EXTI1_IRQHandler                                  build/startup_stm32f407xx.o
EXTI2_IRQHandler                                  build/startup_stm32f407xx.o
EXTI3_IRQHandler                                  build/startup_stm32f407xx.o
EXTI4_IRQHandler                                  build/startup_stm32f407xx.o
EXTI9_5_IRQHandler                                build/startup_stm32f407xx.o
FLASH_Erase_Sector                                build/stm32f4xx_hal_flash_ex.o
                                                  build/stm32f4xx_hal_flash.o
FLASH_FlushCaches                                 build/stm32f4xx_hal_flash_ex.o
                                                  build/stm32f4xx_hal_flash.o
FLASH_IRQHandler                                  build/startup_stm32f407xx.o
FLASH_WaitForLastOperation                        build/stm32f4xx_hal_flash.o
                                                  build/stm32f4xx_hal_flash_ex.o
FPU_IRQHandler                                    build/startup_stm32f407xx.o
FSMC_IRQHandler                                   build/startup_stm32f407xx.o
FS_Desc                                           build/usbd_desc.o
                                                  build/usb_device.o
HAL_ADCEx_InjectedConfigChannel                   build/stm32f4xx_hal_adc_ex.o
HAL_ADCEx_InjectedConvCpltCallback                build/stm32f4xx_hal_adc_ex.o
                                                  build/stm32f4xx_hal_adc.o
HAL_ADCEx_InjectedGetValue                        build/stm32f4xx_hal_adc_ex.o
HAL_ADCEx_InjectedPollForConversion               build/stm32f4xx_hal_adc_ex.o
HAL_ADCEx_InjectedStart                           build/stm32f4xx_hal_adc_ex.o
HAL_ADCEx_InjectedStart_IT                        build/stm32f4xx_hal_adc_ex.o
HAL_ADCEx_InjectedStop                            build/stm32f4xx_hal_adc_ex.o
HAL_ADCEx_InjectedStop_IT                         build/stm32f4xx_hal_adc_ex.o
HAL_ADCEx_MultiModeConfigChannel                  build/stm32f4xx_hal_adc_ex.o
HAL_ADCEx_MultiModeGetValue                       build/stm32f4xx_hal_adc_ex.o
HAL_ADCEx_MultiModeStart_DMA                      build/stm32f4xx_hal_adc_ex.o
HAL_ADCEx_MultiModeStop_DMA                       build/stm32f4xx_hal_adc_ex.o
HAL_ADC_AnalogWDGConfig                           build/stm32f4xx_hal_adc.o
HAL_ADC_ConfigChannel                             build/stm32f4xx_hal_adc.o
                                                  build/main.o
HAL_ADC_ConvCpltCallback                          build/stm32f4xx_hal_adc.o
                                                  build/stm32f4xx_hal_adc_ex.o
HAL_ADC_ConvHalfCpltCallback                      build/stm32f4xx_hal_adc.o
                                                  build/stm32f4xx_hal_adc_ex.o
HAL_ADC_DeInit                                    build/stm32f4xx_hal_adc.o
HAL_ADC_ErrorCallback                             build/stm32f4xx_hal_adc.o
                                                  build/stm32f4xx_hal_adc_ex.o
HAL_ADC_GetError                                  build/stm32f4xx_hal_adc.o
HAL_ADC_GetState                                  build/stm32f4xx_hal_adc.o
HAL_ADC_GetValue                                  build/stm32f4xx_hal_adc.o
HAL_ADC_IRQHandler                                build/stm32f4xx_hal_adc.o
HAL_ADC_Init                                      build/stm32f4xx_hal_adc.o
                                                  build/main.o
HAL_ADC_LevelOutOfWindowCallback                  build/stm32f4xx_hal_adc.o
HAL_ADC_MspDeInit                                 build/stm32f4xx_hal_msp.o
                                                  build/stm32f4xx_hal_adc.o
HAL_ADC_MspInit                                   build/stm32f4xx_hal_msp.o
                                                  build/stm32f4xx_hal_adc.o
HAL_ADC_PollForConversion                         build/stm32f4xx_hal_adc.o
HAL_ADC_PollForEvent                              build/stm32f4xx_hal_adc.o
HAL_ADC_Start                                     build/stm32f4xx_hal_adc.o
HAL_ADC_Start_DMA                                 build/stm32f4xx_hal_adc.o
HAL_ADC_Start_IT                                  build/stm32f4xx_hal_adc.o
HAL_ADC_Stop                                      build/stm32f4xx_hal_adc.o
HAL_ADC_Stop_DMA                                  build/stm32f4xx_hal_adc.o
HAL_ADC_Stop_IT                                   build/stm32f4xx_hal_adc.o
HAL_DBGMCU_DisableDBGSleepMode                    build/stm32f4xx_hal.o
HAL_DBGMCU_DisableDBGStandbyMode                  build/stm32f4xx_hal.o
HAL_DBGMCU_DisableDBGStopMode                     build/stm32f4xx_hal.o
HAL_DBGMCU_EnableDBGSleepMode                     build/stm32f4xx_hal.o
HAL_DBGMCU_EnableDBGStandbyMode                   build/stm32f4xx_hal.o
HAL_DBGMCU_EnableDBGStopMode                      build/stm32f4xx_hal.o
HAL_DMAEx_ChangeMemory                            build/stm32f4xx_hal_dma_ex.o
HAL_DMAEx_MultiBufferStart                        build/stm32f4xx_hal_dma_ex.o
HAL_DMAEx_MultiBufferStart_IT                     build/stm32f4xx_hal_dma_ex.o
HAL_DMA_Abort                                     build/stm32f4xx_hal_dma.o
                                                  build/stm32f4xx_hal_spi.o
                                                  build/stm32f4xx_hal_adc_ex.o
                                                  build/stm32f4xx_hal_adc.o
                                                  build/stm32f4xx_hal_tim.o
HAL_DMA_Abort_IT                                  build/stm32f4xx_hal_dma.o
                                                  build/stm32f4xx_hal_spi.o
HAL_DMA_DeInit                                    build/stm32f4xx_hal_dma.o
HAL_DMA_GetError                                  build/stm32f4xx_hal_dma.o
HAL_DMA_GetState                                  build/stm32f4xx_hal_dma.o
HAL_DMA_IRQHandler                                build/stm32f4xx_hal_dma.o
HAL_DMA_Init                                      build/stm32f4xx_hal_dma.o
HAL_DMA_PollForTransfer                           build/stm32f4xx_hal_dma.o
HAL_DMA_RegisterCallback                          build/stm32f4xx_hal_dma.o
HAL_DMA_Start                                     build/stm32f4xx_hal_dma.o
HAL_DMA_Start_IT                                  build/stm32f4xx_hal_dma.o
                                                  build/stm32f4xx_hal_spi.o
                                                  build/stm32f4xx_hal_adc_ex.o
                                                  build/stm32f4xx_hal_tim_ex.o
                                                  build/stm32f4xx_hal_adc.o
                                                  build/stm32f4xx_hal_tim.o
HAL_DMA_UnRegisterCallback                        build/stm32f4xx_hal_dma.o
HAL_DeInit                                        build/stm32f4xx_hal.o
HAL_Delay                                         build/stm32f4xx_hal.o
                                                  build/usbd_conf.o
                                                  build/main.o
                                                  build/stm32f4xx_ll_usb.o
HAL_DisableCompensationCell                       build/stm32f4xx_hal.o
HAL_EnableCompensationCell                        build/stm32f4xx_hal.o
HAL_FLASHEx_Erase                                 build/stm32f4xx_hal_flash_ex.o
HAL_FLASHEx_Erase_IT                              build/stm32f4xx_hal_flash_ex.o
HAL_FLASHEx_OBGetConfig                           build/stm32f4xx_hal_flash_ex.o
HAL_FLASHEx_OBProgram                             build/stm32f4xx_hal_flash_ex.o
HAL_FLASH_EndOfOperationCallback                  build/stm32f4xx_hal_flash.o
HAL_FLASH_GetError                                build/stm32f4xx_hal_flash.o
HAL_FLASH_IRQHandler                              build/stm32f4xx_hal_flash.o
HAL_FLASH_Lock                                    build/stm32f4xx_hal_flash.o
HAL_FLASH_OB_Launch                               build/stm32f4xx_hal_flash.o
HAL_FLASH_OB_Lock                                 build/stm32f4xx_hal_flash.o
HAL_FLASH_OB_Unlock                               build/stm32f4xx_hal_flash.o
HAL_FLASH_OperationErrorCallback                  build/stm32f4xx_hal_flash.o
HAL_FLASH_Program                                 build/stm32f4xx_hal_flash.o
HAL_FLASH_Program_IT                              build/stm32f4xx_hal_flash.o
HAL_FLASH_Unlock                                  build/stm32f4xx_hal_flash.o
HAL_GPIO_DeInit                                   build/stm32f4xx_hal_gpio.o
                                                  build/usbd_conf.o
                                                  build/stm32f4xx_hal_msp.o
HAL_GPIO_EXTI_Callback                            build/stm32f4xx_hal_gpio.o
HAL_GPIO_EXTI_IRQHandler                          build/stm32f4xx_hal_gpio.o
HAL_GPIO_Init                                     build/stm32f4xx_hal_gpio.o
                                                  build/stm32f4xx_hal_rcc.o
                                                  build/usbd_conf.o
                                                  build/stm32f4xx_hal_msp.o
                                                  build/main.o
HAL_GPIO_LockPin                                  build/stm32f4xx_hal_gpio.o
HAL_GPIO_ReadPin                                  build/stm32f4xx_hal_gpio.o
HAL_GPIO_TogglePin                                build/stm32f4xx_hal_gpio.o
                                                  build/main.o
HAL_GPIO_WritePin                                 build/stm32f4xx_hal_gpio.o
                                                  build/main.o
HAL_GetDEVID                                      build/stm32f4xx_hal.o
HAL_GetHalVersion                                 build/stm32f4xx_hal.o
HAL_GetREVID                                      build/stm32f4xx_hal.o
HAL_GetTick                                       build/stm32f4xx_hal.o
                                                  build/stm32f4xx_hal_rcc.o
                                                  build/stm32f4xx_hal_flash.o
                                                  build/stm32f4xx_hal_pwr_ex.o
                                                  build/stm32f4xx_hal_spi.o
                                                  build/stm32f4xx_hal_adc_ex.o
                                                  build/stm32f4xx_hal_rcc_ex.o
                                                  build/stm32f4xx_hal_adc.o
                                                  build/stm32f4xx_hal_dma.o
HAL_GetTickFreq                                   build/stm32f4xx_hal.o
HAL_GetTickPrio                                   build/stm32f4xx_hal.o
HAL_GetUID                                        build/stm32f4xx_hal.o
HAL_IncTick                                       build/stm32f4xx_hal.o
                                                  build/stm32f4xx_it.o
HAL_Init                                          build/stm32f4xx_hal.o
                                                  build/main.o
HAL_InitTick                                      build/stm32f4xx_hal.o
                                                  build/stm32f4xx_hal_rcc.o
                                                  build/stm32f4xx_hal_rcc_ex.o
HAL_MPU_ConfigRegion                              build/stm32f4xx_hal_cortex.o
HAL_MPU_Disable                                   build/stm32f4xx_hal_cortex.o
HAL_MPU_Enable                                    build/stm32f4xx_hal_cortex.o
HAL_MspDeInit                                     build/stm32f4xx_hal.o
HAL_MspInit                                       build/stm32f4xx_hal_msp.o
HAL_NVIC_ClearPendingIRQ                          build/stm32f4xx_hal_cortex.o
HAL_NVIC_DisableIRQ                               build/stm32f4xx_hal_cortex.o
                                                  build/usbd_conf.o
HAL_NVIC_EnableIRQ                                build/stm32f4xx_hal_cortex.o
                                                  build/usbd_conf.o
HAL_NVIC_GetActive                                build/stm32f4xx_hal_cortex.o
HAL_NVIC_GetPendingIRQ                            build/stm32f4xx_hal_cortex.o
HAL_NVIC_GetPriority                              build/stm32f4xx_hal_cortex.o
HAL_NVIC_GetPriorityGrouping                      build/stm32f4xx_hal_cortex.o
HAL_NVIC_SetPendingIRQ                            build/stm32f4xx_hal_cortex.o
HAL_NVIC_SetPriority                              build/stm32f4xx_hal_cortex.o
                                                  build/usbd_conf.o
                                                  build/stm32f4xx_hal.o
                                                  build/stm32f4xx_hal_msp.o
                                                  build/main.o
HAL_NVIC_SetPriorityGrouping                      build/stm32f4xx_hal_cortex.o
                                                  build/stm32f4xx_hal.o
                                                  build/stm32f4xx_hal_msp.o
HAL_NVIC_SystemReset                              build/stm32f4xx_hal_cortex.o
HAL_PCDEx_SetRxFiFo                               build/stm32f4xx_hal_pcd_ex.o
                                                  build/usbd_conf.o
HAL_PCDEx_SetTxFiFo                               build/stm32f4xx_hal_pcd_ex.o
                                                  build/usbd_conf.o
HAL_PCD_ActivateRemoteWakeup                      build/stm32f4xx_hal_pcd.o
HAL_PCD_ConnectCallback                           build/usbd_conf.o
                                                  build/stm32f4xx_hal_pcd.o
HAL_PCD_DataInStageCallback                       build/usbd_conf.o
                                                  build/stm32f4xx_hal_pcd.o
HAL_PCD_DataOutStageCallback                      build/usbd_conf.o
                                                  build/stm32f4xx_hal_pcd.o
HAL_PCD_DeActivateRemoteWakeup                    build/stm32f4xx_hal_pcd.o
HAL_PCD_DeInit                                    build/stm32f4xx_hal_pcd.o
                                                  build/usbd_conf.o
HAL_PCD_DevConnect                                build/stm32f4xx_hal_pcd.o
HAL_PCD_DevDisconnect                             build/stm32f4xx_hal_pcd.o
HAL_PCD_DisconnectCallback                        build/usbd_conf.o
                                                  build/stm32f4xx_hal_pcd.o
HAL_PCD_EP_Close                                  build/stm32f4xx_hal_pcd.o
                                                  build/usbd_conf.o
HAL_PCD_EP_ClrStall                               build/stm32f4xx_hal_pcd.o
                                                  build/usbd_conf.o
HAL_PCD_EP_Flush                                  build/stm32f4xx_hal_pcd.o
                                                  build/usbd_conf.o
HAL_PCD_EP_GetRxCount                             build/stm32f4xx_hal_pcd.o
                                                  build/usbd_conf.o
HAL_PCD_EP_Open                                   build/stm32f4xx_hal_pcd.o
                                                  build/usbd_conf.o
HAL_PCD_EP_Receive                                build/stm32f4xx_hal_pcd.o
                                                  build/usbd_conf.o
HAL_PCD_EP_SetStall                               build/stm32f4xx_hal_pcd.o
                                                  build/usbd_conf.o
HAL_PCD_EP_Transmit                               build/stm32f4xx_hal_pcd.o
                                                  build/usbd_conf.o
HAL_PCD_GetState                                  build/stm32f4xx_hal_pcd.o
HAL_PCD_IRQHandler                                build/stm32f4xx_hal_pcd.o
                                                  build/stm32f4xx_it.o
HAL_PCD_ISOINIncompleteCallback                   build/usbd_conf.o
                                                  build/stm32f4xx_hal_pcd.o
HAL_PCD_ISOOUTIncompleteCallback                  build/usbd_conf.o
                                                  build/stm32f4xx_hal_pcd.o
HAL_PCD_Init                                      build/stm32f4xx_hal_pcd.o
                                                  build/usbd_conf.o
HAL_PCD_MspDeInit                                 build/usbd_conf.o
                                                  build/stm32f4xx_hal_pcd.o
HAL_PCD_MspInit                                   build/usbd_conf.o
                                                  build/stm32f4xx_hal_pcd.o
HAL_PCD_ResetCallback                             build/usbd_conf.o
                                                  build/stm32f4xx_hal_pcd.o
HAL_PCD_ResumeCallback                            build/usbd_conf.o
                                                  build/stm32f4xx_hal_pcd.o
HAL_PCD_SOFCallback                               build/usbd_conf.o
                                                  build/stm32f4xx_hal_pcd.o
HAL_PCD_SetAddress                                build/stm32f4xx_hal_pcd.o
                                                  build/usbd_conf.o
HAL_PCD_SetupStageCallback                        build/usbd_conf.o
                                                  build/stm32f4xx_hal_pcd.o
HAL_PCD_Start                                     build/stm32f4xx_hal_pcd.o
                                                  build/usbd_conf.o
HAL_PCD_Stop                                      build/stm32f4xx_hal_pcd.o
                                                  build/usbd_conf.o
HAL_PCD_SuspendCallback                           build/usbd_conf.o
                                                  build/stm32f4xx_hal_pcd.o
HAL_PWREx_ControlVoltageScaling                   build/stm32f4xx_hal_pwr_ex.o
HAL_PWREx_DisableBkUpReg                          build/stm32f4xx_hal_pwr_ex.o
HAL_PWREx_DisableFlashPowerDown                   build/stm32f4xx_hal_pwr_ex.o
HAL_PWREx_EnableBkUpReg                           build/stm32f4xx_hal_pwr_ex.o
HAL_PWREx_EnableFlashPowerDown                    build/stm32f4xx_hal_pwr_ex.o
HAL_PWREx_GetVoltageRange                         build/stm32f4xx_hal_pwr_ex.o
HAL_PWR_ConfigPVD                                 build/stm32f4xx_hal_pwr.o
HAL_PWR_DeInit                                    build/stm32f4xx_hal_pwr.o
HAL_PWR_DisableBkUpAccess                         build/stm32f4xx_hal_pwr.o
HAL_PWR_DisablePVD                                build/stm32f4xx_hal_pwr.o
HAL_PWR_DisableSEVOnPend                          build/stm32f4xx_hal_pwr.o
HAL_PWR_DisableSleepOnExit                        build/stm32f4xx_hal_pwr.o
HAL_PWR_DisableWakeUpPin                          build/stm32f4xx_hal_pwr.o
HAL_PWR_EnableBkUpAccess                          build/stm32f4xx_hal_pwr.o
HAL_PWR_EnablePVD                                 build/stm32f4xx_hal_pwr.o
HAL_PWR_EnableSEVOnPend                           build/stm32f4xx_hal_pwr.o
HAL_PWR_EnableSleepOnExit                         build/stm32f4xx_hal_pwr.o
HAL_PWR_EnableWakeUpPin                           build/stm32f4xx_hal_pwr.o
HAL_PWR_EnterSLEEPMode                            build/stm32f4xx_hal_pwr.o
HAL_PWR_EnterSTANDBYMode                          build/stm32f4xx_hal_pwr.o
HAL_PWR_EnterSTOPMode                             build/stm32f4xx_hal_pwr.o
HAL_PWR_PVDCallback                               build/stm32f4xx_hal_pwr.o
HAL_PWR_PVD_IRQHandler                            build/stm32f4xx_hal_pwr.o
HAL_RCCEx_DisablePLLI2S                           build/stm32f4xx_hal_rcc_ex.o
HAL_RCCEx_EnablePLLI2S                            build/stm32f4xx_hal_rcc_ex.o
HAL_RCCEx_GetPeriphCLKConfig                      build/stm32f4xx_hal_rcc_ex.o
HAL_RCCEx_GetPeriphCLKFreq                        build/stm32f4xx_hal_rcc_ex.o
HAL_RCCEx_PeriphCLKConfig                         build/stm32f4xx_hal_rcc_ex.o
HAL_RCC_CSSCallback                               build/stm32f4xx_hal_rcc.o
HAL_RCC_ClockConfig                               build/stm32f4xx_hal_rcc.o
                                                  build/main.o
HAL_RCC_DeInit                                    build/stm32f4xx_hal_rcc_ex.o
HAL_RCC_DisableCSS                                build/stm32f4xx_hal_rcc.o